task=6 started=Mon Aug 17 01:11:51 PM CEST 2026
task 6/16: 106 probes
Transforming over 1000 vertices to C_CONTIGUOUS.
Transforming over 1000 elements to C_CONTIGUOUS.

MUMPS analysis: 4.8 s
  inertia(lam=234.154738077) = 729   [4.1 s, #1]
  inertia(lam=234.254146401) = 730   [4.4 s, #2]
  inertia(lam=234.336997936) = 732   [4.4 s, #3]
  inertia(lam=234.537847709) = 733   [4.4 s, #4]
  inertia(lam=234.755961481) = 736   [4.4 s, #5]
  inertia(lam=235.129669716) = 737   [4.3 s, #6]
  inertia(lam=235.468548521) = 738   [4.3 s, #7]
  inertia(lam=235.571365292) = 739   [4.2 s, #8]
  inertia(lam=235.771791389) = 740   [4.3 s, #9]
  inertia(lam=236.217733497) = 741   [4.3 s, #10]
  inertia(lam=236.671448639) = 742   [4.5 s, #11]
  inertia(lam=236.837859841) = 744   [4.4 s, #12]
  inertia(lam=236.896527916) = 746   [4.4 s, #13]
  inertia(lam=237.067256012) = 747   [4.3 s, #14]
  inertia(lam=237.233232986) = 748   [4.3 s, #15]
  inertia(lam=237.514101838) = 749   [4.3 s, #16]
  inertia(lam=237.820310091) = 750   [4.2 s, #17]
  inertia(lam=238.060417732) = 751   [4.2 s, #18]
  inertia(lam=238.484659898) = 752   [4.3 s, #19]
  inertia(lam=238.779045358) = 753   [4.3 s, #20]
  inertia(lam=238.882529261) = 754   [4.3 s, #21]
  inertia(lam=239.170333138) = 755   [4.3 s, #22]
  inertia(lam=239.505287665) = 756   [4.2 s, #23]
  inertia(lam=239.637008823) = 757   [4.2 s, #24]
  inertia(lam=239.721765335) = 758   [4.2 s, #25]
  inertia(lam=239.779309299) = 759   [4.2 s, #26]
  inertia(lam=240.002011237) = 760   [4.2 s, #27]
  inertia(lam=240.261645148) = 761   [4.2 s, #28]
  inertia(lam=240.345475643) = 762   [4.2 s, #29]
  inertia(lam=240.509135688) = 763   [4.2 s, #30]
  inertia(lam=240.819381213) = 764   [4.3 s, #31]
  inertia(lam=241.024263855) = 765   [4.2 s, #32]
  inertia(lam=241.075480735) = 766   [4.2 s, #33]
  inertia(lam=241.198442627) = 768   [4.2 s, #34]
  inertia(lam=241.345870624) = 769   [4.2 s, #35]
  inertia(lam=241.420310192) = 770   [4.3 s, #36]
  inertia(lam=241.558174072) = 771   [4.2 s, #37]
  inertia(lam=241.867069050) = 774   [4.2 s, #38]
  inertia(lam=242.374564669) = 775   [4.2 s, #39]
  inertia(lam=242.871001496) = 776   [4.2 s, #40]
  inertia(lam=243.097090744) = 777   [4.2 s, #41]
  inertia(lam=243.170354556) = 778   [4.2 s, #42]
  inertia(lam=243.482722636) = 779   [4.1 s, #43]
  inertia(lam=243.793016368) = 782   [4.1 s, #44]
  inertia(lam=243.954088768) = 783   [4.2 s, #45]
  inertia(lam=244.135096995) = 784   [4.1 s, #46]
  inertia(lam=244.293674236) = 785   [4.2 s, #47]
  inertia(lam=244.531404598) = 786   [4.1 s, #48]
  inertia(lam=244.740681460) = 787   [4.2 s, #49]
  inertia(lam=245.105439757) = 788   [4.2 s, #50]
  inertia(lam=245.519037072) = 789   [4.2 s, #51]
  inertia(lam=245.734493941) = 790   [4.1 s, #52]
  inertia(lam=246.046698575) = 791   [4.1 s, #53]
  inertia(lam=246.408561768) = 792   [4.2 s, #54]
  inertia(lam=246.580401861) = 794   [4.2 s, #55]
  inertia(lam=246.708779695) = 795   [4.1 s, #56]
  inertia(lam=246.928880497) = 797   [4.2 s, #57]
  inertia(lam=247.090520845) = 798   [4.2 s, #58]
  inertia(lam=247.217724224) = 799   [4.2 s, #59]
  inertia(lam=247.579712477) = 800   [4.2 s, #60]
  inertia(lam=247.891254605) = 801   [4.2 s, #61]
  inertia(lam=248.020019188) = 802   [4.2 s, #62]
  inertia(lam=248.451170081) = 803   [4.2 s, #63]
  inertia(lam=248.817687654) = 804   [4.2 s, #64]
  inertia(lam=248.894230594) = 805   [4.2 s, #65]
  inertia(lam=249.073602139) = 806   [4.2 s, #66]
  inertia(lam=249.221176628) = 807   [4.3 s, #67]
  inertia(lam=249.318184238) = 808   [4.4 s, #68]
  inertia(lam=249.476506510) = 809   [4.3 s, #69]
  inertia(lam=249.699531982) = 810   [4.3 s, #70]
  inertia(lam=249.881068605) = 811   [4.3 s, #71]
  inertia(lam=249.950917424) = 812   [4.3 s, #72]
  inertia(lam=250.077290664) = 814   [4.3 s, #73]
  inertia(lam=250.231417366) = 815   [4.2 s, #74]
  inertia(lam=250.385825445) = 816   [4.3 s, #75]
  inertia(lam=250.990023474) = 817   [4.3 s, #76]
  inertia(lam=251.517849467) = 818   [4.2 s, #77]
  inertia(lam=251.902284914) = 819   [4.4 s, #78]
  inertia(lam=252.364514888) = 820   [4.2 s, #79]
  inertia(lam=252.969860301) = 822   [4.3 s, #80]
  inertia(lam=253.657545909) = 823   [4.3 s, #81]
  inertia(lam=254.020713084) = 824   [4.3 s, #82]
  inertia(lam=254.262799247) = 827   [4.3 s, #83]
  inertia(lam=254.357949541) = 831   [4.3 s, #84]
  inertia(lam=254.476980389) = 832   [4.3 s, #85]
  inertia(lam=254.587219231) = 834   [4.2 s, #86]
  inertia(lam=254.637418145) = 835   [4.2 s, #87]
  inertia(lam=254.701547737) = 836   [4.3 s, #88]
  inertia(lam=254.836440874) = 837   [4.3 s, #89]
  inertia(lam=255.039764024) = 838   [4.3 s, #90]
  inertia(lam=255.189133320) = 839   [4.3 s, #91]
  inertia(lam=255.321724836) = 840   [4.2 s, #92]
  inertia(lam=255.440451858) = 841   [4.3 s, #93]
  inertia(lam=255.648782912) = 842   [4.3 s, #94]
  inertia(lam=255.850853829) = 843   [4.3 s, #95]
  inertia(lam=256.123990993) = 844   [4.2 s, #96]
  inertia(lam=256.393115935) = 845   [4.3 s, #97]
  inertia(lam=256.503658402) = 847   [4.3 s, #98]
  inertia(lam=256.632172661) = 848   [4.3 s, #99]
  inertia(lam=256.782361713) = 849   [4.3 s, #100]
  inertia(lam=256.936058447) = 850   [4.4 s, #101]
  inertia(lam=257.116381897) = 851   [4.3 s, #102]
  inertia(lam=257.425729381) = 852   [4.4 s, #103]
  inertia(lam=257.616030418) = 853   [4.3 s, #104]
  inertia(lam=257.876344874) = 855   [4.3 s, #105]
  inertia(lam=258.231370738) = 856   [4.1 s, #106]
wrote /home/esul01/data/outputs/hankel_full_spectrum_triaxial/inertia_probes_006.csv
finished=Mon Aug 17 01:19:40 PM CEST 2026
