task=7 started=Mon Aug 17 01:11:51 PM CEST 2026
task 7/16: 106 probes
Transforming over 1000 vertices to C_CONTIGUOUS.
Transforming over 1000 elements to C_CONTIGUOUS.

MUMPS analysis: 4.8 s
  inertia(lam=258.555087911) = 857   [4.2 s, #1]
  inertia(lam=258.823123198) = 859   [4.4 s, #2]
  inertia(lam=258.904247238) = 860   [4.4 s, #3]
  inertia(lam=259.047594620) = 861   [4.3 s, #4]
  inertia(lam=259.413528061) = 862   [4.4 s, #5]
  inertia(lam=259.672611858) = 863   [4.4 s, #6]
  inertia(lam=259.720576367) = 864   [4.3 s, #7]
  inertia(lam=260.068461937) = 865   [4.3 s, #8]
  inertia(lam=260.503970294) = 866   [4.3 s, #9]
  inertia(lam=260.653441039) = 867   [4.3 s, #10]
  inertia(lam=260.753900332) = 868   [4.3 s, #11]
  inertia(lam=261.037232963) = 869   [4.4 s, #12]
  inertia(lam=261.291191273) = 870   [4.4 s, #13]
  inertia(lam=261.371266263) = 872   [4.4 s, #14]
  inertia(lam=261.474708668) = 873   [4.3 s, #15]
  inertia(lam=261.847155030) = 874   [4.2 s, #16]
  inertia(lam=262.192013535) = 875   [4.2 s, #17]
  inertia(lam=262.562651022) = 876   [4.3 s, #18]
  inertia(lam=263.008239698) = 877   [4.2 s, #19]
  inertia(lam=263.135192190) = 878   [4.3 s, #20]
  inertia(lam=263.263256622) = 879   [4.3 s, #21]
  inertia(lam=263.483375531) = 880   [4.3 s, #22]
  inertia(lam=263.813972744) = 881   [4.3 s, #23]
  inertia(lam=264.121046918) = 882   [4.3 s, #24]
  inertia(lam=264.239668333) = 883   [4.3 s, #25]
  inertia(lam=264.361984002) = 884   [4.2 s, #26]
  inertia(lam=264.574876382) = 885   [4.3 s, #27]
  inertia(lam=264.725187731) = 887   [4.2 s, #28]
  inertia(lam=264.830616535) = 889   [4.3 s, #29]
  inertia(lam=264.940445544) = 890   [4.2 s, #30]
  inertia(lam=265.017252564) = 891   [4.4 s, #31]
  inertia(lam=265.154572770) = 892   [4.5 s, #32]
  inertia(lam=265.291378526) = 893   [4.3 s, #33]
  inertia(lam=265.698804406) = 894   [4.3 s, #34]
  inertia(lam=266.139341643) = 895   [4.2 s, #35]
  inertia(lam=266.265521107) = 896   [4.3 s, #36]
  inertia(lam=266.362083060) = 898   [4.3 s, #37]
  inertia(lam=266.483036037) = 899   [4.3 s, #38]
  inertia(lam=266.850989495) = 900   [4.2 s, #39]
  inertia(lam=267.218875856) = 901   [4.3 s, #40]
  inertia(lam=267.412652931) = 902   [4.3 s, #41]
  inertia(lam=267.635351969) = 903   [4.3 s, #42]
  inertia(lam=267.800573132) = 904   [4.4 s, #43]
  inertia(lam=267.899053440) = 906   [4.2 s, #44]
  inertia(lam=268.073765043) = 908   [4.2 s, #45]
  inertia(lam=268.541389802) = 909   [4.3 s, #46]
  inertia(lam=268.888322878) = 910   [4.4 s, #47]
  inertia(lam=269.194323568) = 911   [4.2 s, #48]
  inertia(lam=269.556624753) = 913   [4.3 s, #49]
  inertia(lam=269.945324972) = 915   [4.3 s, #50]
  inertia(lam=270.620017135) = 916   [4.4 s, #51]
  inertia(lam=271.024111056) = 917   [4.4 s, #52]
  inertia(lam=271.134460483) = 918   [4.3 s, #53]
  inertia(lam=271.228688218) = 919   [4.2 s, #54]
  inertia(lam=271.292821056) = 920   [4.2 s, #55]
  inertia(lam=271.383400951) = 922   [4.2 s, #56]
  inertia(lam=271.523103236) = 923   [4.3 s, #57]
  inertia(lam=271.633996300) = 924   [4.3 s, #58]
  inertia(lam=271.687694533) = 925   [4.2 s, #59]
  inertia(lam=271.801858879) = 927   [4.4 s, #60]
  inertia(lam=271.925681396) = 928   [4.2 s, #61]
  inertia(lam=272.085289816) = 929   [4.3 s, #62]
  inertia(lam=272.301265869) = 931   [4.4 s, #63]
  inertia(lam=272.586021050) = 933   [4.3 s, #64]
  inertia(lam=272.935335961) = 934   [4.4 s, #65]
  inertia(lam=273.127158959) = 935   [4.3 s, #66]
  inertia(lam=273.196100261) = 936   [4.2 s, #67]
  inertia(lam=273.481104077) = 938   [4.3 s, #68]
  inertia(lam=273.754344168) = 939   [4.3 s, #69]
  inertia(lam=273.976490524) = 940   [4.3 s, #70]
  inertia(lam=274.237493517) = 942   [4.2 s, #71]
  inertia(lam=274.480694556) = 943   [4.2 s, #72]
  inertia(lam=274.673978898) = 945   [4.3 s, #73]
  inertia(lam=274.839325126) = 947   [4.3 s, #74]
  inertia(lam=275.132624674) = 948   [4.2 s, #75]
  inertia(lam=275.483924276) = 949   [4.2 s, #76]
  inertia(lam=275.726415926) = 950   [4.2 s, #77]
  inertia(lam=275.816171957) = 951   [4.2 s, #78]
  inertia(lam=276.056091444) = 952   [4.3 s, #79]
  inertia(lam=276.287355808) = 953   [4.3 s, #80]
  inertia(lam=276.494736544) = 954   [4.2 s, #81]
  inertia(lam=276.690447581) = 955   [4.3 s, #82]
  inertia(lam=277.120242321) = 956   [4.2 s, #83]
  inertia(lam=277.609731323) = 957   [4.3 s, #84]
  inertia(lam=277.841068252) = 958   [4.3 s, #85]
  inertia(lam=278.016572092) = 959   [4.4 s, #86]
  inertia(lam=278.235861254) = 960   [4.3 s, #87]
  inertia(lam=278.443040676) = 961   [4.3 s, #88]
  inertia(lam=278.767181121) = 962   [4.3 s, #89]
  inertia(lam=279.329501550) = 963   [4.3 s, #90]
  inertia(lam=279.639127770) = 966   [4.3 s, #91]
  inertia(lam=279.774457522) = 967   [4.3 s, #92]
  inertia(lam=279.902803625) = 969   [4.3 s, #93]
  inertia(lam=280.056806386) = 970   [4.4 s, #94]
  inertia(lam=280.196362922) = 971   [4.3 s, #95]
  inertia(lam=280.495800189) = 972   [4.3 s, #96]
  inertia(lam=280.815107381) = 974   [4.3 s, #97]
  inertia(lam=280.880700833) = 975   [4.3 s, #98]
  inertia(lam=281.002526395) = 976   [4.3 s, #99]
  inertia(lam=281.161505454) = 977   [4.3 s, #100]
  inertia(lam=281.318573086) = 978   [4.3 s, #101]
  inertia(lam=281.572067383) = 979   [4.4 s, #102]
  inertia(lam=281.967230694) = 980   [4.4 s, #103]
  inertia(lam=282.233393293) = 981   [4.2 s, #104]
  inertia(lam=282.423594271) = 982   [4.1 s, #105]
  inertia(lam=282.736751986) = 983   [4.2 s, #106]
wrote /home/esul01/data/outputs/hankel_full_spectrum_triaxial/inertia_probes_007.csv
finished=Mon Aug 17 01:19:44 PM CEST 2026
