task=3 started=Mon Aug 17 01:11:51 PM CEST 2026
task 3/16: 106 probes
Transforming over 1000 vertices to C_CONTIGUOUS.
Transforming over 1000 elements to C_CONTIGUOUS.

MUMPS analysis: 4.8 s
  inertia(lam=151.256274283) = 360   [4.3 s, #1]
  inertia(lam=151.577544849) = 361   [4.5 s, #2]
  inertia(lam=151.892326332) = 362   [4.4 s, #3]
  inertia(lam=152.166397716) = 363   [4.4 s, #4]
  inertia(lam=152.537224051) = 364   [4.5 s, #5]
  inertia(lam=152.701860323) = 365   [4.5 s, #6]
  inertia(lam=152.813724300) = 367   [4.4 s, #7]
  inertia(lam=153.217574907) = 368   [4.4 s, #8]
  inertia(lam=153.581408514) = 369   [4.4 s, #9]
  inertia(lam=153.696073900) = 370   [4.5 s, #10]
  inertia(lam=153.903821162) = 372   [4.4 s, #11]
  inertia(lam=154.162021794) = 374   [4.4 s, #12]
  inertia(lam=154.330854478) = 375   [4.3 s, #13]
  inertia(lam=154.680401273) = 377   [4.3 s, #14]
  inertia(lam=155.073669562) = 378   [4.3 s, #15]
  inertia(lam=155.269040445) = 379   [4.3 s, #16]
  inertia(lam=155.575079212) = 380   [4.4 s, #17]
  inertia(lam=155.894040353) = 381   [4.3 s, #18]
  inertia(lam=156.093873485) = 382   [4.4 s, #19]
  inertia(lam=156.315924794) = 383   [4.4 s, #20]
  inertia(lam=156.483839884) = 384   [4.3 s, #21]
  inertia(lam=156.618661842) = 385   [4.4 s, #22]
  inertia(lam=156.773951096) = 386   [4.3 s, #23]
  inertia(lam=156.918908689) = 387   [4.4 s, #24]
  inertia(lam=157.048498526) = 388   [4.3 s, #25]
  inertia(lam=157.542542938) = 389   [4.3 s, #26]
  inertia(lam=158.259497318) = 392   [4.3 s, #27]
  inertia(lam=158.555374859) = 393   [4.4 s, #28]
  inertia(lam=158.661236204) = 395   [4.4 s, #29]
  inertia(lam=158.789710010) = 396   [4.4 s, #30]
  inertia(lam=159.205422710) = 398   [4.6 s, #31]
  inertia(lam=159.826655945) = 399   [4.3 s, #32]
  inertia(lam=160.120926629) = 400   [4.4 s, #33]
  inertia(lam=160.395535168) = 401   [4.4 s, #34]
  inertia(lam=160.672926666) = 402   [4.4 s, #35]
  inertia(lam=160.830273346) = 403   [4.3 s, #36]
  inertia(lam=161.110923267) = 404   [4.3 s, #37]
  inertia(lam=161.342312414) = 405   [4.4 s, #38]
  inertia(lam=161.454301093) = 408   [4.3 s, #39]
  inertia(lam=162.034019488) = 409   [4.4 s, #40]
  inertia(lam=162.927621551) = 410   [4.3 s, #41]
  inertia(lam=163.541726744) = 411   [4.3 s, #42]
  inertia(lam=164.014336935) = 412   [4.3 s, #43]
  inertia(lam=164.265872248) = 413   [4.5 s, #44]
  inertia(lam=164.886886340) = 415   [4.3 s, #45]
  inertia(lam=165.513403069) = 416   [4.3 s, #46]
  inertia(lam=165.657480895) = 417   [4.5 s, #47]
  inertia(lam=165.776717675) = 418   [4.5 s, #48]
  inertia(lam=165.848777438) = 419   [4.5 s, #49]
  inertia(lam=165.996683159) = 420   [4.3 s, #50]
  inertia(lam=166.180199304) = 421   [4.4 s, #51]
  inertia(lam=166.501878227) = 422   [4.4 s, #52]
  inertia(lam=166.830292930) = 423   [4.4 s, #53]
  inertia(lam=166.950960811) = 424   [4.4 s, #54]
  inertia(lam=167.020834374) = 425   [4.4 s, #55]
  inertia(lam=167.103056502) = 426   [4.4 s, #56]
  inertia(lam=167.278649688) = 427   [4.4 s, #57]
  inertia(lam=167.476034653) = 428   [4.5 s, #58]
  inertia(lam=167.585050161) = 429   [4.3 s, #59]
  inertia(lam=167.721135130) = 430   [4.5 s, #60]
  inertia(lam=167.958490855) = 431   [4.3 s, #61]
  inertia(lam=168.222180673) = 432   [4.4 s, #62]
  inertia(lam=168.487338039) = 433   [4.5 s, #63]
  inertia(lam=168.746396616) = 434   [4.3 s, #64]
  inertia(lam=169.007095901) = 435   [4.3 s, #65]
  inertia(lam=169.396510276) = 437   [4.3 s, #66]
  inertia(lam=169.703335438) = 438   [4.3 s, #67]
  inertia(lam=169.981223808) = 439   [4.2 s, #68]
  inertia(lam=170.442480600) = 440   [4.3 s, #69]
  inertia(lam=170.720311645) = 441   [4.3 s, #70]
  inertia(lam=170.940056597) = 442   [4.3 s, #71]
  inertia(lam=171.700910081) = 444   [4.3 s, #72]
  inertia(lam=172.334801760) = 445   [4.3 s, #73]
  inertia(lam=172.626235672) = 446   [4.3 s, #74]
  inertia(lam=172.956212571) = 447   [4.3 s, #75]
  inertia(lam=173.103792574) = 449   [4.3 s, #76]
  inertia(lam=173.197143053) = 450   [4.4 s, #77]
  inertia(lam=173.275971198) = 451   [4.3 s, #78]
  inertia(lam=173.380543174) = 452   [4.3 s, #79]
  inertia(lam=173.537332701) = 454   [4.3 s, #80]
  inertia(lam=173.756317996) = 455   [4.3 s, #81]
  inertia(lam=173.923997061) = 456   [4.2 s, #82]
  inertia(lam=174.045646068) = 457   [4.2 s, #83]
  inertia(lam=174.362829660) = 458   [4.3 s, #84]
  inertia(lam=174.632174951) = 459   [4.4 s, #85]
  inertia(lam=174.685023004) = 460   [4.4 s, #86]
  inertia(lam=175.102173615) = 461   [4.4 s, #87]
  inertia(lam=175.522753517) = 462   [4.4 s, #88]
  inertia(lam=175.561921585) = 463   [4.3 s, #89]
  inertia(lam=175.956016817) = 464   [4.3 s, #90]
  inertia(lam=176.353913177) = 465   [4.4 s, #91]
  inertia(lam=176.441529202) = 466   [4.3 s, #92]
  inertia(lam=177.098980729) = 468   [4.4 s, #93]
  inertia(lam=177.719364295) = 469   [4.3 s, #94]
  inertia(lam=177.793000293) = 470   [4.3 s, #95]
  inertia(lam=177.916612556) = 471   [4.3 s, #96]
  inertia(lam=178.061247451) = 472   [4.3 s, #97]
  inertia(lam=178.245794628) = 473   [4.3 s, #98]
  inertia(lam=178.584613725) = 474   [4.3 s, #99]
  inertia(lam=178.852452148) = 475   [4.4 s, #100]
  inertia(lam=178.997691854) = 476   [4.3 s, #101]
  inertia(lam=179.141598071) = 478   [4.5 s, #102]
  inertia(lam=179.225360232) = 479   [4.3 s, #103]
  inertia(lam=179.414213190) = 480   [4.5 s, #104]
  inertia(lam=179.753819504) = 481   [4.3 s, #105]
  inertia(lam=179.994635172) = 482   [4.2 s, #106]
wrote /home/esul01/data/outputs/hankel_full_spectrum_triaxial/inertia_probes_003.csv
finished=Mon Aug 17 01:19:51 PM CEST 2026
