task=12 started=Mon Aug 17 01:11:51 PM CEST 2026
task 12/16: 106 probes
Transforming over 1000 vertices to C_CONTIGUOUS.
Transforming over 1000 elements to C_CONTIGUOUS.

MUMPS analysis: 4.7 s
  inertia(lam=370.801337790) = 1507   [3.7 s, #1]
  inertia(lam=370.914668927) = 1508   [3.8 s, #2]
  inertia(lam=371.128974723) = 1509   [3.8 s, #3]
  inertia(lam=371.441263240) = 1511   [3.8 s, #4]
  inertia(lam=371.674923036) = 1512   [3.9 s, #5]
  inertia(lam=371.778351080) = 1514   [3.8 s, #6]
  inertia(lam=371.832898044) = 1516   [4.1 s, #7]
  inertia(lam=371.874037800) = 1517   [3.8 s, #8]
  inertia(lam=372.066555884) = 1518   [3.8 s, #9]
  inertia(lam=372.270265376) = 1519   [3.8 s, #10]
  inertia(lam=372.350040282) = 1520   [4.3 s, #11]
  inertia(lam=372.462286105) = 1521   [3.8 s, #12]
  inertia(lam=372.588149155) = 1523   [3.8 s, #13]
  inertia(lam=372.980148988) = 1524   [3.8 s, #14]
  inertia(lam=373.350524640) = 1526   [3.8 s, #15]
  inertia(lam=373.591285271) = 1527   [3.8 s, #16]
  inertia(lam=373.819258622) = 1528   [3.8 s, #17]
  inertia(lam=373.933397215) = 1530   [3.8 s, #18]
  inertia(lam=374.132914997) = 1531   [3.8 s, #19]
  inertia(lam=374.363785042) = 1532   [3.8 s, #20]
  inertia(lam=374.511858959) = 1534   [3.8 s, #21]
  inertia(lam=374.691201460) = 1535   [3.7 s, #22]
  inertia(lam=374.909532413) = 1536   [3.7 s, #23]
  inertia(lam=375.103497608) = 1537   [3.7 s, #24]
  inertia(lam=375.281334440) = 1538   [3.7 s, #25]
  inertia(lam=375.582075898) = 1539   [3.7 s, #26]
  inertia(lam=375.862948452) = 1540   [3.8 s, #27]
  inertia(lam=375.918116957) = 1541   [3.8 s, #28]
  inertia(lam=375.986109561) = 1542   [3.8 s, #29]
  inertia(lam=376.051176886) = 1543   [3.8 s, #30]
  inertia(lam=376.206413886) = 1544   [3.8 s, #31]
  inertia(lam=376.511699782) = 1545   [3.8 s, #32]
  inertia(lam=376.719010709) = 1546   [3.8 s, #33]
  inertia(lam=376.852467505) = 1548   [3.8 s, #34]
  inertia(lam=376.959230601) = 1550   [3.8 s, #35]
  inertia(lam=377.009937436) = 1551   [3.8 s, #36]
  inertia(lam=377.079420103) = 1553   [3.8 s, #37]
  inertia(lam=377.141844867) = 1554   [3.7 s, #38]
  inertia(lam=377.363461756) = 1556   [3.7 s, #39]
  inertia(lam=377.648355999) = 1557   [3.8 s, #40]
  inertia(lam=377.849470467) = 1558   [3.7 s, #41]
  inertia(lam=377.974715912) = 1559   [3.7 s, #42]
  inertia(lam=378.153102184) = 1560   [3.8 s, #43]
  inertia(lam=378.369834335) = 1561   [3.8 s, #44]
  inertia(lam=378.922957171) = 1562   [3.8 s, #45]
  inertia(lam=379.444920594) = 1563   [3.7 s, #46]
  inertia(lam=379.483457977) = 1565   [3.8 s, #47]
  inertia(lam=379.589009495) = 1566   [3.7 s, #48]
  inertia(lam=379.704526209) = 1567   [3.8 s, #49]
  inertia(lam=379.764212786) = 1569   [3.7 s, #50]
  inertia(lam=380.281371148) = 1571   [3.8 s, #51]
  inertia(lam=380.794520323) = 1572   [3.7 s, #52]
  inertia(lam=381.067995272) = 1573   [3.7 s, #53]
  inertia(lam=381.435912126) = 1574   [3.7 s, #54]
  inertia(lam=381.599717612) = 1575   [3.8 s, #55]
  inertia(lam=381.783199228) = 1576   [4.0 s, #56]
  inertia(lam=382.176693670) = 1577   [3.7 s, #57]
  inertia(lam=382.482226462) = 1578   [3.7 s, #58]
  inertia(lam=382.622579688) = 1581   [3.8 s, #59]
  inertia(lam=382.728809187) = 1584   [3.7 s, #60]
  inertia(lam=382.816737838) = 1585   [3.8 s, #61]
  inertia(lam=383.042168816) = 1586   [4.0 s, #62]
  inertia(lam=383.222899965) = 1588   [3.8 s, #63]
  inertia(lam=383.291366937) = 1589   [3.7 s, #64]
  inertia(lam=383.482139556) = 1590   [3.7 s, #65]
  inertia(lam=383.682115892) = 1591   [3.7 s, #66]
  inertia(lam=383.865388590) = 1592   [3.7 s, #67]
  inertia(lam=384.079404523) = 1593   [3.7 s, #68]
  inertia(lam=384.258967799) = 1595   [3.7 s, #69]
  inertia(lam=384.592883396) = 1596   [3.7 s, #70]
  inertia(lam=384.918054305) = 1597   [3.7 s, #71]
  inertia(lam=385.091953791) = 1598   [3.7 s, #72]
  inertia(lam=385.283574409) = 1599   [3.7 s, #73]
  inertia(lam=385.398738120) = 1600   [4.0 s, #74]
  inertia(lam=385.709863252) = 1601   [3.7 s, #75]
  inertia(lam=386.058869945) = 1602   [3.7 s, #76]
  inertia(lam=386.154690837) = 1603   [3.7 s, #77]
  inertia(lam=386.219976331) = 1604   [3.7 s, #78]
  inertia(lam=386.296894930) = 1607   [3.7 s, #79]
  inertia(lam=386.368649509) = 1608   [3.7 s, #80]
  inertia(lam=386.480657231) = 1610   [3.7 s, #81]
  inertia(lam=386.692550888) = 1611   [3.7 s, #82]
  inertia(lam=386.855711952) = 1612   [3.7 s, #83]
  inertia(lam=386.923820919) = 1613   [3.6 s, #84]
  inertia(lam=387.398246645) = 1614   [3.6 s, #85]
  inertia(lam=388.003972075) = 1615   [3.6 s, #86]
  inertia(lam=388.173920422) = 1616   [3.7 s, #87]
  inertia(lam=388.353626801) = 1618   [4.0 s, #88]
  inertia(lam=388.627637955) = 1620   [3.7 s, #89]
  inertia(lam=388.764345699) = 1621   [3.7 s, #90]
  inertia(lam=388.803690712) = 1622   [3.7 s, #91]
  inertia(lam=389.029356850) = 1623   [3.7 s, #92]
  inertia(lam=389.271246288) = 1624   [4.0 s, #93]
  inertia(lam=389.344678225) = 1625   [3.6 s, #94]
  inertia(lam=389.570983064) = 1627   [3.5 s, #95]
  inertia(lam=389.776520768) = 1628   [3.6 s, #96]
  inertia(lam=389.823567321) = 1630   [3.6 s, #97]
  inertia(lam=390.131127109) = 1631   [3.7 s, #98]
  inertia(lam=390.648648538) = 1632   [3.7 s, #99]
  inertia(lam=390.912407352) = 1633   [3.7 s, #100]
  inertia(lam=390.966282791) = 1635   [3.6 s, #101]
  inertia(lam=391.140575857) = 1638   [3.7 s, #102]
  inertia(lam=391.314190454) = 1639   [3.7 s, #103]
  inertia(lam=391.358840641) = 1641   [3.8 s, #104]
  inertia(lam=391.411775711) = 1642   [3.8 s, #105]
  inertia(lam=391.739925104) = 1643   [3.7 s, #106]
wrote /home/esul01/data/outputs/hankel_full_spectrum_triaxial/inertia_probes_012.csv
finished=Mon Aug 17 01:18:48 PM CEST 2026
