task=5 started=Mon Aug 17 01:11:51 PM CEST 2026
task 5/16: 106 probes
Transforming over 1000 vertices to C_CONTIGUOUS.
Transforming over 1000 elements to C_CONTIGUOUS.

MUMPS analysis: 4.8 s
  inertia(lam=208.228161428) = 608   [4.1 s, #1]
  inertia(lam=208.438819478) = 609   [4.4 s, #2]
  inertia(lam=208.678512553) = 611   [4.4 s, #3]
  inertia(lam=208.774921685) = 612   [4.3 s, #4]
  inertia(lam=208.846563539) = 613   [4.4 s, #5]
  inertia(lam=208.997025269) = 614   [4.4 s, #6]
  inertia(lam=209.205668272) = 615   [4.3 s, #7]
  inertia(lam=209.356037076) = 616   [4.3 s, #8]
  inertia(lam=209.546087098) = 617   [4.3 s, #9]
  inertia(lam=210.190931682) = 618   [4.2 s, #10]
  inertia(lam=210.804279243) = 619   [4.3 s, #11]
  inertia(lam=211.120930742) = 620   [4.3 s, #12]
  inertia(lam=211.617696586) = 621   [4.4 s, #13]
  inertia(lam=211.983819379) = 622   [4.3 s, #14]
  inertia(lam=212.161927098) = 623   [4.3 s, #15]
  inertia(lam=212.305415081) = 624   [4.3 s, #16]
  inertia(lam=212.449039836) = 626   [4.3 s, #17]
  inertia(lam=212.589587767) = 627   [4.3 s, #18]
  inertia(lam=212.777740569) = 628   [4.3 s, #19]
  inertia(lam=212.939754378) = 629   [4.3 s, #20]
  inertia(lam=213.096187999) = 630   [4.3 s, #21]
  inertia(lam=213.444073275) = 631   [4.3 s, #22]
  inertia(lam=213.788434234) = 632   [4.3 s, #23]
  inertia(lam=214.366874076) = 633   [4.3 s, #24]
  inertia(lam=215.042843453) = 635   [4.3 s, #25]
  inertia(lam=215.294513097) = 636   [4.3 s, #26]
  inertia(lam=215.470489894) = 638   [4.3 s, #27]
  inertia(lam=215.730835655) = 639   [4.2 s, #28]
  inertia(lam=215.961145820) = 640   [4.3 s, #29]
  inertia(lam=216.185973003) = 641   [4.3 s, #30]
  inertia(lam=216.420177962) = 642   [4.3 s, #31]
  inertia(lam=216.562030247) = 643   [4.4 s, #32]
  inertia(lam=216.620905677) = 644   [4.3 s, #33]
  inertia(lam=216.769325802) = 645   [4.2 s, #34]
  inertia(lam=216.933830405) = 646   [4.4 s, #35]
  inertia(lam=217.094489599) = 647   [4.3 s, #36]
  inertia(lam=217.234268688) = 648   [4.3 s, #37]
  inertia(lam=217.381776301) = 649   [4.3 s, #38]
  inertia(lam=217.533313288) = 650   [4.3 s, #39]
  inertia(lam=217.623131869) = 651   [4.3 s, #40]
  inertia(lam=217.730777575) = 652   [4.3 s, #41]
  inertia(lam=217.929551947) = 653   [4.2 s, #42]
  inertia(lam=218.238820853) = 654   [4.2 s, #43]
  inertia(lam=218.444819381) = 655   [4.3 s, #44]
  inertia(lam=218.818322787) = 656   [4.3 s, #45]
  inertia(lam=219.301996990) = 657   [4.3 s, #46]
  inertia(lam=219.540415041) = 658   [4.2 s, #47]
  inertia(lam=219.743820766) = 659   [4.4 s, #48]
  inertia(lam=219.899566810) = 660   [4.4 s, #49]
  inertia(lam=219.974484846) = 661   [4.3 s, #50]
  inertia(lam=220.078940492) = 667   [4.2 s, #51]
  inertia(lam=220.171491439) = 668   [4.2 s, #52]
  inertia(lam=220.258885142) = 669   [4.3 s, #53]
  inertia(lam=220.409103707) = 670   [4.4 s, #54]
  inertia(lam=220.708150620) = 671   [4.3 s, #55]
  inertia(lam=221.447067054) = 672   [4.4 s, #56]
  inertia(lam=222.015481087) = 673   [4.3 s, #57]
  inertia(lam=222.273474319) = 675   [4.3 s, #58]
  inertia(lam=222.681960816) = 676   [4.2 s, #59]
  inertia(lam=223.115241589) = 678   [4.3 s, #60]
  inertia(lam=223.439110333) = 679   [4.3 s, #61]
  inertia(lam=223.548819938) = 680   [4.3 s, #62]
  inertia(lam=223.609040441) = 681   [4.3 s, #63]
  inertia(lam=223.678486524) = 682   [4.4 s, #64]
  inertia(lam=223.955397035) = 683   [4.3 s, #65]
  inertia(lam=224.378811183) = 684   [4.3 s, #66]
  inertia(lam=224.692314641) = 685   [4.3 s, #67]
  inertia(lam=224.927251063) = 686   [4.3 s, #68]
  inertia(lam=225.158288487) = 687   [4.3 s, #69]
  inertia(lam=225.324872389) = 688   [4.3 s, #70]
  inertia(lam=225.456223709) = 689   [4.3 s, #71]
  inertia(lam=225.578548980) = 691   [4.2 s, #72]
  inertia(lam=225.758141164) = 692   [4.3 s, #73]
  inertia(lam=226.229447546) = 693   [4.3 s, #74]
  inertia(lam=226.564741323) = 694   [4.2 s, #75]
  inertia(lam=226.889810211) = 695   [4.3 s, #76]
  inertia(lam=227.366133928) = 696   [4.3 s, #77]
  inertia(lam=227.672867684) = 698   [4.2 s, #78]
  inertia(lam=227.833345531) = 699   [4.3 s, #79]
  inertia(lam=228.014474352) = 700   [4.2 s, #80]
  inertia(lam=228.207972850) = 702   [4.3 s, #81]
  inertia(lam=228.300445637) = 703   [4.3 s, #82]
  inertia(lam=228.718837444) = 704   [4.3 s, #83]
  inertia(lam=229.140847322) = 705   [4.2 s, #84]
  inertia(lam=229.221765235) = 706   [4.2 s, #85]
  inertia(lam=229.364520518) = 707   [4.2 s, #86]
  inertia(lam=229.507716415) = 708   [4.3 s, #87]
  inertia(lam=229.609940578) = 709   [4.2 s, #88]
  inertia(lam=229.912619512) = 710   [4.3 s, #89]
  inertia(lam=230.201821931) = 711   [4.2 s, #90]
  inertia(lam=230.284590897) = 712   [4.2 s, #91]
  inertia(lam=230.426975874) = 713   [4.2 s, #92]
  inertia(lam=230.636209624) = 714   [4.2 s, #93]
  inertia(lam=231.009846972) = 715   [4.3 s, #94]
  inertia(lam=231.350640556) = 716   [4.2 s, #95]
  inertia(lam=231.454373134) = 717   [4.2 s, #96]
  inertia(lam=231.533214923) = 718   [4.2 s, #97]
  inertia(lam=231.594545383) = 719   [4.2 s, #98]
  inertia(lam=231.676262810) = 721   [4.2 s, #99]
  inertia(lam=231.941280030) = 722   [4.1 s, #100]
  inertia(lam=232.397008286) = 723   [4.2 s, #101]
  inertia(lam=232.790307436) = 724   [4.1 s, #102]
  inertia(lam=233.035637994) = 725   [4.1 s, #103]
  inertia(lam=233.258851590) = 726   [4.2 s, #104]
  inertia(lam=233.660781891) = 727   [4.1 s, #105]
  inertia(lam=234.010389654) = 728   [4.1 s, #106]
wrote /home/esul01/data/outputs/hankel_full_spectrum_triaxial/inertia_probes_005.csv
finished=Mon Aug 17 01:19:42 PM CEST 2026
