task=8 started=Mon Aug 17 01:11:51 PM CEST 2026
task 8/16: 106 probes
Transforming over 1000 vertices to C_CONTIGUOUS.
Transforming over 1000 elements to C_CONTIGUOUS.

MUMPS analysis: 4.8 s
  inertia(lam=282.931504474) = 984   [4.5 s, #1]
  inertia(lam=282.996532603) = 985   [4.6 s, #2]
  inertia(lam=283.053914985) = 987   [4.7 s, #3]
  inertia(lam=283.140431975) = 988   [4.6 s, #4]
  inertia(lam=283.345944740) = 990   [4.6 s, #5]
  inertia(lam=283.871252304) = 992   [4.6 s, #6]
  inertia(lam=284.357640547) = 993   [4.6 s, #7]
  inertia(lam=284.497553848) = 994   [4.6 s, #8]
  inertia(lam=284.702975703) = 995   [4.6 s, #9]
  inertia(lam=284.940516324) = 996   [4.7 s, #10]
  inertia(lam=285.064312696) = 998   [4.6 s, #11]
  inertia(lam=285.166196362) = 999   [4.6 s, #12]
  inertia(lam=285.250205508) = 1000   [4.8 s, #13]
  inertia(lam=285.440996047) = 1002   [4.8 s, #14]
  inertia(lam=285.615715494) = 1003   [4.6 s, #15]
  inertia(lam=285.676823193) = 1004   [4.6 s, #16]
  inertia(lam=285.758324069) = 1005   [4.6 s, #17]
  inertia(lam=285.970127332) = 1006   [4.6 s, #18]
  inertia(lam=286.415609876) = 1007   [4.6 s, #19]
  inertia(lam=286.728052580) = 1008   [4.7 s, #20]
  inertia(lam=286.971803324) = 1009   [4.7 s, #21]
  inertia(lam=287.390257290) = 1010   [4.7 s, #22]
  inertia(lam=287.619928497) = 1011   [4.7 s, #23]
  inertia(lam=287.699584954) = 1013   [4.6 s, #24]
  inertia(lam=287.923758485) = 1014   [4.6 s, #25]
  inertia(lam=288.313642167) = 1015   [4.6 s, #26]
  inertia(lam=288.667530058) = 1016   [4.7 s, #27]
  inertia(lam=288.886015113) = 1018   [4.7 s, #28]
  inertia(lam=289.082848464) = 1019   [4.7 s, #29]
  inertia(lam=289.334679889) = 1020   [4.6 s, #30]
  inertia(lam=289.572934411) = 1021   [4.6 s, #31]
  inertia(lam=289.827314372) = 1022   [4.6 s, #32]
  inertia(lam=290.000824548) = 1023   [4.6 s, #33]
  inertia(lam=290.169254992) = 1024   [4.6 s, #34]
  inertia(lam=290.330823435) = 1025   [4.7 s, #35]
  inertia(lam=290.378410817) = 1026   [4.7 s, #36]
  inertia(lam=290.458539707) = 1027   [4.6 s, #37]
  inertia(lam=290.568531166) = 1028   [4.6 s, #38]
  inertia(lam=290.720443054) = 1030   [4.6 s, #39]
  inertia(lam=290.938790138) = 1032   [4.6 s, #40]
  inertia(lam=291.302765604) = 1037   [4.6 s, #41]
  inertia(lam=291.634893439) = 1039   [4.6 s, #42]
  inertia(lam=291.760705722) = 1040   [4.6 s, #43]
  inertia(lam=292.114020043) = 1041   [4.7 s, #44]
  inertia(lam=292.478221780) = 1042   [4.7 s, #45]
  inertia(lam=292.599252746) = 1044   [4.6 s, #46]
  inertia(lam=292.717035798) = 1045   [4.6 s, #47]
  inertia(lam=292.841639268) = 1046   [4.6 s, #48]
  inertia(lam=293.261185776) = 1047   [4.7 s, #49]
  inertia(lam=293.991328744) = 1048   [4.7 s, #50]
  inertia(lam=294.430787069) = 1049   [4.7 s, #51]
  inertia(lam=294.686654454) = 1050   [4.6 s, #52]
  inertia(lam=294.978358520) = 1051   [4.6 s, #53]
  inertia(lam=295.139147503) = 1052   [4.7 s, #54]
  inertia(lam=295.268164729) = 1053   [4.7 s, #55]
  inertia(lam=295.340565790) = 1056   [4.6 s, #56]
  inertia(lam=295.515718344) = 1057   [4.7 s, #57]
  inertia(lam=295.690169473) = 1058   [4.6 s, #58]
  inertia(lam=295.839190240) = 1059   [4.6 s, #59]
  inertia(lam=296.116319959) = 1060   [4.6 s, #60]
  inertia(lam=296.305553724) = 1061   [4.6 s, #61]
  inertia(lam=296.553987490) = 1062   [4.6 s, #62]
  inertia(lam=296.938518790) = 1063   [4.6 s, #63]
  inertia(lam=297.137724554) = 1064   [4.7 s, #64]
  inertia(lam=297.289144039) = 1065   [4.7 s, #65]
  inertia(lam=297.426579697) = 1067   [4.6 s, #66]
  inertia(lam=297.483373052) = 1068   [4.7 s, #67]
  inertia(lam=297.576707701) = 1069   [4.7 s, #68]
  inertia(lam=297.679030519) = 1071   [4.6 s, #69]
  inertia(lam=297.892699714) = 1072   [4.6 s, #70]
  inertia(lam=298.295590485) = 1073   [4.6 s, #71]
  inertia(lam=298.634950473) = 1074   [4.7 s, #72]
  inertia(lam=298.939516722) = 1076   [4.7 s, #73]
  inertia(lam=299.236869807) = 1077   [4.7 s, #74]
  inertia(lam=299.469476316) = 1078   [4.6 s, #75]
  inertia(lam=299.793554136) = 1080   [4.7 s, #76]
  inertia(lam=300.149158259) = 1081   [4.7 s, #77]
  inertia(lam=300.437605513) = 1082   [4.7 s, #78]
  inertia(lam=300.573298271) = 1085   [4.7 s, #79]
  inertia(lam=300.612075643) = 1086   [4.7 s, #80]
  inertia(lam=300.650163720) = 1087   [4.6 s, #81]
  inertia(lam=300.738609991) = 1088   [4.6 s, #82]
  inertia(lam=300.825045508) = 1089   [4.6 s, #83]
  inertia(lam=300.977678554) = 1090   [4.6 s, #84]
  inertia(lam=301.169710319) = 1092   [4.6 s, #85]
  inertia(lam=301.409833219) = 1093   [4.7 s, #86]
  inertia(lam=301.749386014) = 1094   [4.6 s, #87]
  inertia(lam=302.044222353) = 1095   [4.6 s, #88]
  inertia(lam=302.242266194) = 1096   [4.6 s, #89]
  inertia(lam=302.454374193) = 1097   [4.6 s, #90]
  inertia(lam=302.742121300) = 1098   [4.8 s, #91]
  inertia(lam=303.017157737) = 1099   [4.8 s, #92]
  inertia(lam=303.247845395) = 1100   [4.6 s, #93]
  inertia(lam=303.444340538) = 1101   [4.5 s, #94]
  inertia(lam=303.683314252) = 1102   [4.5 s, #95]
  inertia(lam=303.918389806) = 1103   [4.5 s, #96]
  inertia(lam=304.111975905) = 1104   [4.5 s, #97]
  inertia(lam=304.229993436) = 1106   [4.6 s, #98]
  inertia(lam=304.320903978) = 1107   [4.5 s, #99]
  inertia(lam=304.513663811) = 1108   [4.5 s, #100]
  inertia(lam=304.667044743) = 1109   [4.5 s, #101]
  inertia(lam=304.708037319) = 1110   [4.5 s, #102]
  inertia(lam=304.761428682) = 1111   [4.5 s, #103]
  inertia(lam=305.176005637) = 1113   [4.5 s, #104]
  inertia(lam=305.732029122) = 1114   [4.5 s, #105]
  inertia(lam=306.057050546) = 1115   [4.5 s, #106]
wrote /home/esul01/data/outputs/hankel_full_spectrum_triaxial/inertia_probes_008.csv
finished=Mon Aug 17 01:20:21 PM CEST 2026
