task=2 started=Mon Aug 17 01:11:51 PM CEST 2026
task 2/16: 106 probes
Transforming over 1000 vertices to C_CONTIGUOUS.
Transforming over 1000 elements to C_CONTIGUOUS.

MUMPS analysis: 4.8 s
  inertia(lam=116.160457925) = 236   [4.3 s, #1]
  inertia(lam=116.648316637) = 237   [4.4 s, #2]
  inertia(lam=117.085490767) = 238   [4.5 s, #3]
  inertia(lam=117.326092541) = 239   [4.4 s, #4]
  inertia(lam=117.653666352) = 240   [4.5 s, #5]
  inertia(lam=118.030168356) = 241   [4.4 s, #6]
  inertia(lam=118.203326032) = 242   [4.4 s, #7]
  inertia(lam=118.568140720) = 244   [4.4 s, #8]
  inertia(lam=119.099786530) = 247   [4.4 s, #9]
  inertia(lam=119.380491592) = 248   [4.4 s, #10]
  inertia(lam=119.536080367) = 249   [4.4 s, #11]
  inertia(lam=119.819188262) = 250   [4.4 s, #12]
  inertia(lam=120.054065394) = 251   [4.4 s, #13]
  inertia(lam=120.160594370) = 252   [4.4 s, #14]
  inertia(lam=120.234788332) = 254   [4.3 s, #15]
  inertia(lam=120.436311035) = 255   [4.3 s, #16]
  inertia(lam=120.772642255) = 256   [4.4 s, #17]
  inertia(lam=121.345303454) = 257   [4.3 s, #18]
  inertia(lam=122.021815689) = 258   [4.4 s, #19]
  inertia(lam=122.664533367) = 259   [4.3 s, #20]
  inertia(lam=123.284243540) = 260   [4.3 s, #21]
  inertia(lam=123.626783997) = 261   [4.4 s, #22]
  inertia(lam=123.788020082) = 262   [4.4 s, #23]
  inertia(lam=124.117663035) = 263   [4.4 s, #24]
  inertia(lam=124.722480600) = 266   [4.3 s, #25]
  inertia(lam=125.098608101) = 267   [4.3 s, #26]
  inertia(lam=125.260733532) = 268   [4.4 s, #27]
  inertia(lam=125.648730849) = 269   [4.4 s, #28]
  inertia(lam=126.218792928) = 270   [4.3 s, #29]
  inertia(lam=126.598393511) = 271   [4.3 s, #30]
  inertia(lam=126.757120794) = 273   [4.3 s, #31]
  inertia(lam=126.932584308) = 274   [4.3 s, #32]
  inertia(lam=127.061887985) = 275   [4.4 s, #33]
  inertia(lam=127.710511158) = 276   [4.4 s, #34]
  inertia(lam=128.868617036) = 277   [4.6 s, #35]
  inertia(lam=129.503945634) = 278   [4.3 s, #36]
  inertia(lam=129.766969487) = 279   [4.4 s, #37]
  inertia(lam=130.039041495) = 280   [4.4 s, #38]
  inertia(lam=130.230827643) = 281   [4.4 s, #39]
  inertia(lam=130.563069795) = 282   [4.3 s, #40]
  inertia(lam=130.848907558) = 283   [4.3 s, #41]
  inertia(lam=130.926704128) = 285   [4.4 s, #42]
  inertia(lam=131.001219602) = 286   [4.3 s, #43]
  inertia(lam=131.271696589) = 287   [4.3 s, #44]
  inertia(lam=131.544994164) = 290   [4.3 s, #45]
  inertia(lam=131.700639697) = 291   [4.3 s, #46]
  inertia(lam=131.877729950) = 292   [4.4 s, #47]
  inertia(lam=132.026835643) = 293   [4.4 s, #48]
  inertia(lam=132.136697149) = 294   [4.4 s, #49]
  inertia(lam=132.658531112) = 295   [4.3 s, #50]
  inertia(lam=133.217456686) = 296   [4.4 s, #51]
  inertia(lam=133.459780017) = 297   [4.4 s, #52]
  inertia(lam=133.675643463) = 298   [4.4 s, #53]
  inertia(lam=133.832616594) = 299   [4.5 s, #54]
  inertia(lam=134.022070208) = 300   [4.3 s, #55]
  inertia(lam=134.359853435) = 301   [4.3 s, #56]
  inertia(lam=134.654661291) = 302   [4.3 s, #57]
  inertia(lam=134.840236994) = 304   [4.5 s, #58]
  inertia(lam=135.070201938) = 305   [4.3 s, #59]
  inertia(lam=135.285478102) = 306   [4.4 s, #60]
  inertia(lam=135.451387426) = 307   [4.3 s, #61]
  inertia(lam=135.884197428) = 308   [4.4 s, #62]
  inertia(lam=136.398571027) = 309   [4.3 s, #63]
  inertia(lam=136.570208372) = 310   [4.2 s, #64]
  inertia(lam=136.876186099) = 311   [4.2 s, #65]
  inertia(lam=137.191998241) = 312   [4.3 s, #66]
  inertia(lam=137.370217562) = 313   [4.3 s, #67]
  inertia(lam=137.690357669) = 314   [4.2 s, #68]
  inertia(lam=138.286770620) = 315   [4.3 s, #69]
  inertia(lam=138.725366449) = 316   [4.3 s, #70]
  inertia(lam=138.840828329) = 317   [4.2 s, #71]
  inertia(lam=139.163960267) = 318   [4.3 s, #72]
  inertia(lam=139.730685151) = 319   [4.3 s, #73]
  inertia(lam=140.343768341) = 321   [4.4 s, #74]
  inertia(lam=141.017442132) = 322   [4.3 s, #75]
  inertia(lam=141.505068767) = 323   [4.3 s, #76]
  inertia(lam=141.742189479) = 325   [4.3 s, #77]
  inertia(lam=141.975418002) = 326   [4.3 s, #78]
  inertia(lam=142.192446791) = 327   [4.2 s, #79]
  inertia(lam=142.679265529) = 330   [4.3 s, #80]
  inertia(lam=143.515731741) = 331   [4.4 s, #81]
  inertia(lam=144.027912039) = 332   [4.3 s, #82]
  inertia(lam=144.234609115) = 333   [4.3 s, #83]
  inertia(lam=144.466883973) = 334   [4.3 s, #84]
  inertia(lam=144.581860977) = 335   [4.3 s, #85]
  inertia(lam=144.629537667) = 336   [4.3 s, #86]
  inertia(lam=144.704350386) = 337   [4.3 s, #87]
  inertia(lam=144.819664939) = 339   [4.3 s, #88]
  inertia(lam=144.994521711) = 341   [4.3 s, #89]
  inertia(lam=145.156823040) = 343   [4.2 s, #90]
  inertia(lam=145.374948257) = 344   [4.2 s, #91]
  inertia(lam=145.776896303) = 345   [4.3 s, #92]
  inertia(lam=146.208563738) = 346   [4.3 s, #93]
  inertia(lam=146.458578977) = 347   [4.3 s, #94]
  inertia(lam=146.725090770) = 348   [4.3 s, #95]
  inertia(lam=146.973314590) = 349   [4.3 s, #96]
  inertia(lam=147.034480029) = 350   [4.3 s, #97]
  inertia(lam=147.109782926) = 351   [4.4 s, #98]
  inertia(lam=147.644574243) = 352   [4.3 s, #99]
  inertia(lam=148.147444501) = 353   [4.2 s, #100]
  inertia(lam=148.354626686) = 354   [4.2 s, #101]
  inertia(lam=148.589106377) = 355   [4.2 s, #102]
  inertia(lam=148.797960949) = 356   [4.2 s, #103]
  inertia(lam=149.148872752) = 357   [4.2 s, #104]
  inertia(lam=149.463985899) = 358   [4.2 s, #105]
  inertia(lam=150.402421809) = 359   [4.3 s, #106]
wrote /home/esul01/data/outputs/hankel_full_spectrum_triaxial/inertia_probes_002.csv
finished=Mon Aug 17 01:19:49 PM CEST 2026
