task=14 started=Mon Aug 17 01:11:51 PM CEST 2026
task 14/16: 106 probes
Transforming over 1000 vertices to C_CONTIGUOUS.
Transforming over 1000 elements to C_CONTIGUOUS.

MUMPS analysis: 4.8 s
  inertia(lam=412.067618767) = 1776   [3.7 s, #1]
  inertia(lam=412.171604533) = 1777   [3.8 s, #2]
  inertia(lam=412.253483665) = 1779   [3.8 s, #3]
  inertia(lam=412.373688373) = 1781   [3.8 s, #4]
  inertia(lam=412.457095258) = 1782   [3.8 s, #5]
  inertia(lam=412.801388874) = 1783   [3.9 s, #6]
  inertia(lam=413.143940530) = 1785   [3.8 s, #7]
  inertia(lam=413.247120707) = 1787   [3.8 s, #8]
  inertia(lam=413.370188599) = 1788   [3.9 s, #9]
  inertia(lam=413.547109474) = 1789   [3.8 s, #10]
  inertia(lam=413.770859543) = 1791   [3.9 s, #11]
  inertia(lam=413.955720563) = 1793   [3.8 s, #12]
  inertia(lam=414.081513817) = 1794   [3.8 s, #13]
  inertia(lam=414.195709765) = 1795   [3.8 s, #14]
  inertia(lam=414.324968417) = 1796   [3.8 s, #15]
  inertia(lam=414.445655051) = 1797   [3.8 s, #16]
  inertia(lam=414.533664273) = 1798   [3.8 s, #17]
  inertia(lam=414.601581788) = 1799   [3.8 s, #18]
  inertia(lam=414.732306738) = 1800   [3.8 s, #19]
  inertia(lam=414.992875098) = 1801   [3.8 s, #20]
  inertia(lam=415.302143432) = 1804   [3.8 s, #21]
  inertia(lam=415.468006125) = 1805   [3.8 s, #22]
  inertia(lam=415.681292544) = 1806   [3.8 s, #23]
  inertia(lam=415.919020267) = 1809   [3.8 s, #24]
  inertia(lam=416.028320455) = 1810   [3.8 s, #25]
  inertia(lam=416.221781842) = 1811   [3.8 s, #26]
  inertia(lam=416.522053584) = 1812   [3.8 s, #27]
  inertia(lam=416.813161245) = 1814   [3.8 s, #28]
  inertia(lam=417.020875532) = 1816   [3.8 s, #29]
  inertia(lam=417.127015482) = 1818   [3.8 s, #30]
  inertia(lam=417.237816391) = 1819   [3.8 s, #31]
  inertia(lam=417.379743439) = 1820   [3.8 s, #32]
  inertia(lam=417.582870728) = 1822   [3.8 s, #33]
  inertia(lam=417.794432068) = 1824   [3.8 s, #34]
  inertia(lam=418.034988993) = 1825   [3.8 s, #35]
  inertia(lam=418.459409225) = 1826   [3.8 s, #36]
  inertia(lam=418.783657682) = 1827   [3.9 s, #37]
  inertia(lam=418.875180855) = 1828   [3.8 s, #38]
  inertia(lam=418.921533913) = 1829   [3.9 s, #39]
  inertia(lam=419.174934582) = 1830   [3.8 s, #40]
  inertia(lam=419.485464641) = 1831   [3.9 s, #41]
  inertia(lam=419.585006422) = 1832   [3.8 s, #42]
  inertia(lam=419.641251677) = 1833   [3.8 s, #43]
  inertia(lam=420.143051647) = 1834   [3.8 s, #44]
  inertia(lam=420.807215467) = 1835   [3.8 s, #45]
  inertia(lam=421.016457517) = 1836   [3.8 s, #46]
  inertia(lam=421.055584560) = 1839   [3.8 s, #47]
  inertia(lam=421.122972208) = 1840   [3.7 s, #48]
  inertia(lam=421.297385464) = 1841   [3.8 s, #49]
  inertia(lam=421.533569788) = 1843   [3.8 s, #50]
  inertia(lam=421.690646875) = 1844   [3.9 s, #51]
  inertia(lam=422.029445631) = 1845   [3.8 s, #52]
  inertia(lam=422.344918188) = 1846   [3.8 s, #53]
  inertia(lam=422.496552210) = 1847   [3.8 s, #54]
  inertia(lam=422.654452366) = 1848   [3.8 s, #55]
  inertia(lam=422.712108698) = 1849   [3.8 s, #56]
  inertia(lam=422.793066363) = 1850   [3.8 s, #57]
  inertia(lam=423.151438844) = 1851   [3.8 s, #58]
  inertia(lam=423.543187376) = 1852   [3.8 s, #59]
  inertia(lam=423.796356801) = 1855   [3.8 s, #60]
  inertia(lam=424.003616398) = 1857   [3.8 s, #61]
  inertia(lam=424.059622361) = 1858   [3.8 s, #62]
  inertia(lam=424.137721668) = 1859   [3.8 s, #63]
  inertia(lam=424.224349849) = 1860   [3.8 s, #64]
  inertia(lam=424.261917531) = 1862   [3.8 s, #65]
  inertia(lam=424.320751206) = 1863   [3.8 s, #66]
  inertia(lam=424.793404393) = 1864   [3.8 s, #67]
  inertia(lam=425.437967992) = 1866   [3.8 s, #68]
  inertia(lam=425.697457543) = 1867   [3.9 s, #69]
  inertia(lam=425.771685425) = 1868   [3.8 s, #70]
  inertia(lam=426.046271182) = 1871   [3.8 s, #71]
  inertia(lam=426.332207127) = 1872   [3.8 s, #72]
  inertia(lam=426.390449844) = 1874   [3.8 s, #73]
  inertia(lam=426.447490314) = 1875   [3.8 s, #74]
  inertia(lam=426.695384022) = 1876   [3.8 s, #75]
  inertia(lam=427.005575175) = 1877   [3.8 s, #76]
  inertia(lam=427.402035432) = 1879   [3.8 s, #77]
  inertia(lam=427.764782998) = 1880   [3.8 s, #78]
  inertia(lam=428.091158942) = 1881   [3.8 s, #79]
  inertia(lam=428.363669242) = 1882   [3.8 s, #80]
  inertia(lam=428.416152966) = 1883   [3.8 s, #81]
  inertia(lam=428.476566390) = 1884   [3.8 s, #82]
  inertia(lam=428.530244308) = 1885   [3.8 s, #83]
  inertia(lam=428.576058749) = 1886   [3.8 s, #84]
  inertia(lam=428.648801477) = 1888   [3.8 s, #85]
  inertia(lam=428.757472433) = 1889   [3.8 s, #86]
  inertia(lam=428.870110015) = 1891   [3.8 s, #87]
  inertia(lam=429.059982749) = 1892   [3.8 s, #88]
  inertia(lam=429.279927011) = 1893   [3.8 s, #89]
  inertia(lam=429.611479336) = 1895   [3.8 s, #90]
  inertia(lam=429.891640882) = 1896   [3.8 s, #91]
  inertia(lam=429.989942487) = 1897   [3.8 s, #92]
  inertia(lam=430.093312717) = 1898   [3.8 s, #93]
  inertia(lam=430.171989799) = 1899   [3.8 s, #94]
  inertia(lam=430.296722188) = 1901   [3.8 s, #95]
  inertia(lam=430.455111554) = 1902   [3.8 s, #96]
  inertia(lam=430.614975911) = 1903   [3.9 s, #97]
  inertia(lam=430.934618302) = 1904   [3.8 s, #98]
  inertia(lam=431.301733435) = 1905   [3.8 s, #99]
  inertia(lam=431.459795605) = 1907   [3.8 s, #100]
  inertia(lam=431.496590676) = 1908   [3.8 s, #101]
  inertia(lam=431.555283640) = 1909   [3.8 s, #102]
  inertia(lam=431.689391153) = 1910   [3.8 s, #103]
  inertia(lam=431.824379271) = 1911   [3.9 s, #104]
  inertia(lam=432.091247112) = 1912   [3.9 s, #105]
  inertia(lam=432.382267937) = 1915   [3.8 s, #106]
wrote /home/esul01/data/outputs/hankel_full_spectrum_triaxial/inertia_probes_014.csv
finished=Mon Aug 17 01:18:55 PM CEST 2026
