task=9 started=Mon Aug 17 01:11:51 PM CEST 2026
task 9/16: 106 probes
Transforming over 1000 vertices to C_CONTIGUOUS.
Transforming over 1000 elements to C_CONTIGUOUS.

MUMPS analysis: 4.8 s
  inertia(lam=306.286544906) = 1117   [3.9 s, #1]
  inertia(lam=306.466574277) = 1118   [4.0 s, #2]
  inertia(lam=306.635296551) = 1119   [4.0 s, #3]
  inertia(lam=306.782587321) = 1120   [4.0 s, #4]
  inertia(lam=306.929585008) = 1121   [4.1 s, #5]
  inertia(lam=307.184041610) = 1122   [4.0 s, #6]
  inertia(lam=307.382643873) = 1123   [4.0 s, #7]
  inertia(lam=307.484414094) = 1124   [4.0 s, #8]
  inertia(lam=307.623516005) = 1126   [4.1 s, #9]
  inertia(lam=307.742343691) = 1127   [4.0 s, #10]
  inertia(lam=307.944051674) = 1128   [4.0 s, #11]
  inertia(lam=308.101456230) = 1129   [4.0 s, #12]
  inertia(lam=308.155018312) = 1131   [4.0 s, #13]
  inertia(lam=308.322067081) = 1132   [4.0 s, #14]
  inertia(lam=308.620163371) = 1134   [4.1 s, #15]
  inertia(lam=309.100674009) = 1135   [4.1 s, #16]
  inertia(lam=309.442208292) = 1136   [4.1 s, #17]
  inertia(lam=309.630066229) = 1137   [4.1 s, #18]
  inertia(lam=309.906118029) = 1138   [4.0 s, #19]
  inertia(lam=310.077097084) = 1140   [4.0 s, #20]
  inertia(lam=310.236738783) = 1141   [4.0 s, #21]
  inertia(lam=310.441839734) = 1143   [4.0 s, #22]
  inertia(lam=310.698605543) = 1144   [4.1 s, #23]
  inertia(lam=311.239134711) = 1145   [4.1 s, #24]
  inertia(lam=311.654357092) = 1146   [4.1 s, #25]
  inertia(lam=311.878028473) = 1147   [4.0 s, #26]
  inertia(lam=312.251049869) = 1148   [4.1 s, #27]
  inertia(lam=312.584025978) = 1149   [4.1 s, #28]
  inertia(lam=312.803872484) = 1150   [4.2 s, #29]
  inertia(lam=312.891411686) = 1151   [4.1 s, #30]
  inertia(lam=312.960501219) = 1154   [4.1 s, #31]
  inertia(lam=313.096918101) = 1156   [4.1 s, #32]
  inertia(lam=313.333146089) = 1157   [4.1 s, #33]
  inertia(lam=313.572967116) = 1158   [4.0 s, #34]
  inertia(lam=313.776422040) = 1159   [4.0 s, #35]
  inertia(lam=313.915279657) = 1160   [4.0 s, #36]
  inertia(lam=313.967776711) = 1161   [4.2 s, #37]
  inertia(lam=314.208757468) = 1163   [4.1 s, #38]
  inertia(lam=314.476430077) = 1164   [4.1 s, #39]
  inertia(lam=314.584460404) = 1165   [4.1 s, #40]
  inertia(lam=314.705646360) = 1167   [4.1 s, #41]
  inertia(lam=314.904686019) = 1169   [4.1 s, #42]
  inertia(lam=315.135089425) = 1171   [4.2 s, #43]
  inertia(lam=315.291960871) = 1172   [4.1 s, #44]
  inertia(lam=315.462949896) = 1173   [4.1 s, #45]
  inertia(lam=315.585532329) = 1174   [4.2 s, #46]
  inertia(lam=315.661003656) = 1175   [4.1 s, #47]
  inertia(lam=315.891254319) = 1176   [4.0 s, #48]
  inertia(lam=316.203263619) = 1177   [4.1 s, #49]
  inertia(lam=316.379336128) = 1178   [4.1 s, #50]
  inertia(lam=316.686919829) = 1179   [4.1 s, #51]
  inertia(lam=317.229937217) = 1180   [4.0 s, #52]
  inertia(lam=317.622253079) = 1181   [4.1 s, #53]
  inertia(lam=317.790663168) = 1182   [4.0 s, #54]
  inertia(lam=317.854497795) = 1184   [4.1 s, #55]
  inertia(lam=317.910600204) = 1185   [3.9 s, #56]
  inertia(lam=318.040803944) = 1186   [4.0 s, #57]
  inertia(lam=318.205033510) = 1187   [4.2 s, #58]
  inertia(lam=318.410194877) = 1188   [4.0 s, #59]
  inertia(lam=318.602615386) = 1189   [4.0 s, #60]
  inertia(lam=318.701121791) = 1190   [4.1 s, #61]
  inertia(lam=318.813906450) = 1191   [4.1 s, #62]
  inertia(lam=318.907176274) = 1192   [4.1 s, #63]
  inertia(lam=319.085140285) = 1193   [4.0 s, #64]
  inertia(lam=319.343126862) = 1194   [4.1 s, #65]
  inertia(lam=319.526322315) = 1195   [4.1 s, #66]
  inertia(lam=319.815576835) = 1198   [4.1 s, #67]
  inertia(lam=320.079742195) = 1199   [4.0 s, #68]
  inertia(lam=320.173954782) = 1200   [4.1 s, #69]
  inertia(lam=320.380896339) = 1201   [4.1 s, #70]
  inertia(lam=320.586485690) = 1202   [4.1 s, #71]
  inertia(lam=320.833890663) = 1203   [4.0 s, #72]
  inertia(lam=321.160968420) = 1204   [4.1 s, #73]
  inertia(lam=321.329960894) = 1205   [4.1 s, #74]
  inertia(lam=321.399699384) = 1207   [4.1 s, #75]
  inertia(lam=321.565282887) = 1208   [3.9 s, #76]
  inertia(lam=321.763263395) = 1209   [4.0 s, #77]
  inertia(lam=322.088564132) = 1210   [4.1 s, #78]
  inertia(lam=322.400159618) = 1211   [4.1 s, #79]
  inertia(lam=322.455635803) = 1212   [4.0 s, #80]
  inertia(lam=322.578017071) = 1213   [4.0 s, #81]
  inertia(lam=322.704115659) = 1214   [4.1 s, #82]
  inertia(lam=322.908223729) = 1215   [4.1 s, #83]
  inertia(lam=323.269497818) = 1216   [4.1 s, #84]
  inertia(lam=323.578882419) = 1218   [4.0 s, #85]
  inertia(lam=323.748455482) = 1219   [4.1 s, #86]
  inertia(lam=323.837878544) = 1220   [4.1 s, #87]
  inertia(lam=323.916197845) = 1221   [4.2 s, #88]
  inertia(lam=324.097085407) = 1222   [4.1 s, #89]
  inertia(lam=324.307877560) = 1223   [4.1 s, #90]
  inertia(lam=324.440203005) = 1224   [4.1 s, #91]
  inertia(lam=324.700906718) = 1225   [4.0 s, #92]
  inertia(lam=325.247905596) = 1228   [4.0 s, #93]
  inertia(lam=325.666223388) = 1230   [3.9 s, #94]
  inertia(lam=325.740167619) = 1231   [4.0 s, #95]
  inertia(lam=325.771875897) = 1232   [4.0 s, #96]
  inertia(lam=325.806390414) = 1233   [4.0 s, #97]
  inertia(lam=325.847280755) = 1234   [4.0 s, #98]
  inertia(lam=325.959035913) = 1235   [4.1 s, #99]
  inertia(lam=326.237910198) = 1236   [4.0 s, #100]
  inertia(lam=326.472285057) = 1238   [4.1 s, #101]
  inertia(lam=326.546922169) = 1239   [4.1 s, #102]
  inertia(lam=326.659076802) = 1240   [4.1 s, #103]
  inertia(lam=326.913392617) = 1241   [4.1 s, #104]
  inertia(lam=327.128348043) = 1242   [4.2 s, #105]
  inertia(lam=327.503874747) = 1243   [4.1 s, #106]
wrote /home/esul01/data/outputs/hankel_full_spectrum_triaxial/inertia_probes_009.csv
finished=Mon Aug 17 01:19:21 PM CEST 2026
