task=15 started=Mon Aug 17 01:11:51 PM CEST 2026
task 15/16: 106 probes
Transforming over 1000 vertices to C_CONTIGUOUS.
Transforming over 1000 elements to C_CONTIGUOUS.

MUMPS analysis: 4.8 s
  inertia(lam=432.527662644) = 1916   [3.7 s, #1]
  inertia(lam=432.657353436) = 1917   [3.9 s, #2]
  inertia(lam=432.849036765) = 1918   [3.9 s, #3]
  inertia(lam=433.037240122) = 1919   [3.9 s, #4]
  inertia(lam=433.127789146) = 1920   [3.9 s, #5]
  inertia(lam=433.209384827) = 1922   [3.9 s, #6]
  inertia(lam=433.347193605) = 1923   [3.9 s, #7]
  inertia(lam=433.495414288) = 1924   [4.0 s, #8]
  inertia(lam=433.641077808) = 1925   [3.9 s, #9]
  inertia(lam=433.889638765) = 1926   [3.8 s, #10]
  inertia(lam=434.260543511) = 1927   [3.8 s, #11]
  inertia(lam=434.674234609) = 1928   [3.8 s, #12]
  inertia(lam=434.888613530) = 1929   [3.9 s, #13]
  inertia(lam=434.953065460) = 1931   [3.8 s, #14]
  inertia(lam=435.020904093) = 1932   [3.8 s, #15]
  inertia(lam=435.268988570) = 1933   [3.8 s, #16]
  inertia(lam=435.537934524) = 1934   [4.0 s, #17]
  inertia(lam=435.622998043) = 1935   [3.9 s, #18]
  inertia(lam=435.854269284) = 1937   [3.9 s, #19]
  inertia(lam=436.060114254) = 1938   [3.8 s, #20]
  inertia(lam=436.252408200) = 1939   [3.9 s, #21]
  inertia(lam=436.539318059) = 1940   [4.0 s, #22]
  inertia(lam=436.697632019) = 1941   [3.9 s, #23]
  inertia(lam=436.760454236) = 1942   [3.8 s, #24]
  inertia(lam=436.788296202) = 1943   [3.8 s, #25]
  inertia(lam=436.818894537) = 1944   [3.8 s, #26]
  inertia(lam=436.863881937) = 1945   [3.8 s, #27]
  inertia(lam=436.992742295) = 1946   [3.8 s, #28]
  inertia(lam=437.126844673) = 1947   [3.8 s, #29]
  inertia(lam=437.197684289) = 1948   [3.8 s, #30]
  inertia(lam=437.335016503) = 1949   [3.8 s, #31]
  inertia(lam=437.506156970) = 1950   [3.9 s, #32]
  inertia(lam=437.677941369) = 1951   [3.8 s, #33]
  inertia(lam=437.916719269) = 1952   [3.8 s, #34]
  inertia(lam=438.074485089) = 1956   [3.8 s, #35]
  inertia(lam=438.150751066) = 1957   [3.8 s, #36]
  inertia(lam=438.250261563) = 1958   [3.8 s, #37]
  inertia(lam=438.458861959) = 1959   [3.8 s, #38]
  inertia(lam=438.689584750) = 1960   [3.8 s, #39]
  inertia(lam=438.772914773) = 1961   [3.9 s, #40]
  inertia(lam=438.805281425) = 1962   [3.8 s, #41]
  inertia(lam=439.047694541) = 1963   [3.8 s, #42]
  inertia(lam=439.287756088) = 1964   [3.8 s, #43]
  inertia(lam=439.472716927) = 1965   [3.8 s, #44]
  inertia(lam=439.678254829) = 1966   [3.8 s, #45]
  inertia(lam=439.730052252) = 1967   [3.9 s, #46]
  inertia(lam=439.850906833) = 1968   [3.8 s, #47]
  inertia(lam=440.012255407) = 1969   [3.8 s, #48]
  inertia(lam=440.190332126) = 1970   [3.8 s, #49]
  inertia(lam=440.427726242) = 1971   [3.8 s, #50]
  inertia(lam=440.612567185) = 1972   [3.8 s, #51]
  inertia(lam=440.754809785) = 1973   [3.8 s, #52]
  inertia(lam=440.900330193) = 1974   [4.0 s, #53]
  inertia(lam=441.028527777) = 1976   [3.9 s, #54]
  inertia(lam=441.153475265) = 1977   [3.9 s, #55]
  inertia(lam=441.235978717) = 1978   [3.8 s, #56]
  inertia(lam=441.348692392) = 1979   [3.8 s, #57]
  inertia(lam=441.479895859) = 1980   [3.8 s, #58]
  inertia(lam=441.642312860) = 1981   [3.8 s, #59]
  inertia(lam=441.807824634) = 1982   [3.9 s, #60]
  inertia(lam=441.868748192) = 1983   [3.9 s, #61]
  inertia(lam=441.957494266) = 1985   [3.8 s, #62]
  inertia(lam=442.034275890) = 1986   [3.8 s, #63]
  inertia(lam=442.218511309) = 1987   [3.8 s, #64]
  inertia(lam=442.596793412) = 1989   [3.9 s, #65]
  inertia(lam=443.098233538) = 1990   [3.9 s, #66]
  inertia(lam=443.420641846) = 1991   [3.9 s, #67]
  inertia(lam=443.587170211) = 1992   [3.8 s, #68]
  inertia(lam=443.833242416) = 1993   [3.9 s, #69]
  inertia(lam=444.055968220) = 1994   [3.9 s, #70]
  inertia(lam=444.183016223) = 1995   [3.9 s, #71]
  inertia(lam=444.323657146) = 1996   [3.8 s, #72]
  inertia(lam=444.494134483) = 1997   [3.9 s, #73]
  inertia(lam=444.551631309) = 1998   [3.9 s, #74]
  inertia(lam=444.618582263) = 2000   [3.9 s, #75]
  inertia(lam=444.728400779) = 2001   [3.8 s, #76]
  inertia(lam=444.846712703) = 2002   [3.8 s, #77]
  inertia(lam=445.041823333) = 2003   [3.9 s, #78]
  inertia(lam=445.248245072) = 2004   [3.8 s, #79]
  inertia(lam=445.332009074) = 2006   [3.8 s, #80]
  inertia(lam=445.540702797) = 2007   [3.8 s, #81]
  inertia(lam=445.748012944) = 2008   [3.8 s, #82]
  inertia(lam=445.786622699) = 2009   [3.8 s, #83]
  inertia(lam=445.932530193) = 2010   [3.8 s, #84]
  inertia(lam=446.074312723) = 2011   [3.8 s, #85]
  inertia(lam=446.141510239) = 2012   [3.8 s, #86]
  inertia(lam=446.199848375) = 2013   [3.8 s, #87]
  inertia(lam=446.300429364) = 2014   [3.8 s, #88]
  inertia(lam=446.437008912) = 2015   [3.9 s, #89]
  inertia(lam=446.528625266) = 2017   [3.8 s, #90]
  inertia(lam=446.771890445) = 2018   [3.8 s, #91]
  inertia(lam=446.992959382) = 2019   [3.9 s, #92]
  inertia(lam=447.122210817) = 2020   [3.8 s, #93]
  inertia(lam=447.258009841) = 2021   [3.8 s, #94]
  inertia(lam=447.311948926) = 2022   [3.9 s, #95]
  inertia(lam=447.416516013) = 2023   [3.8 s, #96]
  inertia(lam=447.530325808) = 2024   [3.8 s, #97]
  inertia(lam=447.580746582) = 2025   [3.8 s, #98]
  inertia(lam=447.634233695) = 2026   [3.8 s, #99]
  inertia(lam=447.703280223) = 2027   [3.8 s, #100]
  inertia(lam=447.783865352) = 2029   [3.8 s, #101]
  inertia(lam=447.869736278) = 2030   [3.8 s, #102]
  inertia(lam=447.922759701) = 2031   [3.9 s, #103]
  inertia(lam=448.313649414) = 2032   [3.8 s, #104]
  inertia(lam=448.834580699) = 2033   [3.8 s, #105]
  inertia(lam=448.983063758) = 2034   [3.8 s, #106]
wrote /home/esul01/data/outputs/hankel_full_spectrum_triaxial/inertia_probes_015.csv
finished=Mon Aug 17 01:18:58 PM CEST 2026
