task=4 started=Mon Aug 17 01:11:51 PM CEST 2026
task 4/16: 106 probes
Transforming over 1000 vertices to C_CONTIGUOUS.
Transforming over 1000 elements to C_CONTIGUOUS.

MUMPS analysis: 4.8 s
  inertia(lam=180.214846346) = 483   [4.1 s, #1]
  inertia(lam=180.498689572) = 484   [4.3 s, #2]
  inertia(lam=180.713422519) = 485   [4.3 s, #3]
  inertia(lam=180.897528698) = 486   [4.4 s, #4]
  inertia(lam=181.065136138) = 487   [4.3 s, #5]
  inertia(lam=181.278459279) = 488   [4.3 s, #6]
  inertia(lam=181.450459245) = 489   [4.2 s, #7]
  inertia(lam=181.697015232) = 490   [4.2 s, #8]
  inertia(lam=181.961045384) = 492   [4.2 s, #9]
  inertia(lam=182.534732027) = 493   [4.2 s, #10]
  inertia(lam=183.101226827) = 494   [4.2 s, #11]
  inertia(lam=183.195558317) = 495   [4.2 s, #12]
  inertia(lam=183.446940686) = 496   [4.2 s, #13]
  inertia(lam=183.696868235) = 497   [4.3 s, #14]
  inertia(lam=183.859323288) = 498   [4.2 s, #15]
  inertia(lam=184.194351697) = 499   [4.2 s, #16]
  inertia(lam=184.475009319) = 500   [4.2 s, #17]
  inertia(lam=184.843201996) = 502   [4.3 s, #18]
  inertia(lam=185.478103641) = 503   [4.1 s, #19]
  inertia(lam=185.863298092) = 504   [4.2 s, #20]
  inertia(lam=186.057909773) = 505   [4.1 s, #21]
  inertia(lam=186.298882493) = 506   [4.1 s, #22]
  inertia(lam=186.520908513) = 507   [4.2 s, #23]
  inertia(lam=186.754713616) = 508   [4.2 s, #24]
  inertia(lam=187.152842874) = 509   [4.1 s, #25]
  inertia(lam=187.475834495) = 510   [4.1 s, #26]
  inertia(lam=187.627026246) = 512   [4.2 s, #27]
  inertia(lam=187.923090973) = 513   [4.2 s, #28]
  inertia(lam=188.140921846) = 515   [4.2 s, #29]
  inertia(lam=188.201248929) = 516   [4.1 s, #30]
  inertia(lam=188.317905535) = 517   [4.1 s, #31]
  inertia(lam=188.474131088) = 518   [4.3 s, #32]
  inertia(lam=188.657852737) = 519   [4.2 s, #33]
  inertia(lam=188.832738848) = 520   [4.2 s, #34]
  inertia(lam=189.024068372) = 521   [4.2 s, #35]
  inertia(lam=189.242812046) = 522   [4.2 s, #36]
  inertia(lam=189.408718695) = 523   [4.2 s, #37]
  inertia(lam=189.899955146) = 524   [4.2 s, #38]
  inertia(lam=190.345772706) = 526   [4.2 s, #39]
  inertia(lam=190.492449646) = 527   [4.2 s, #40]
  inertia(lam=190.687440843) = 528   [4.3 s, #41]
  inertia(lam=191.202408457) = 529   [4.3 s, #42]
  inertia(lam=191.668110264) = 531   [4.2 s, #43]
  inertia(lam=191.888451323) = 532   [4.2 s, #44]
  inertia(lam=192.150699496) = 533   [4.2 s, #45]
  inertia(lam=192.418180024) = 535   [4.2 s, #46]
  inertia(lam=192.667560667) = 537   [4.2 s, #47]
  inertia(lam=192.798632584) = 538   [4.2 s, #48]
  inertia(lam=192.913793433) = 539   [4.2 s, #49]
  inertia(lam=193.258599024) = 540   [4.2 s, #50]
  inertia(lam=193.583673943) = 542   [4.4 s, #51]
  inertia(lam=193.769762016) = 543   [4.2 s, #52]
  inertia(lam=194.051568935) = 544   [4.3 s, #53]
  inertia(lam=194.326382167) = 545   [4.3 s, #54]
  inertia(lam=194.526562637) = 546   [4.2 s, #55]
  inertia(lam=194.678735592) = 547   [4.2 s, #56]
  inertia(lam=194.803268488) = 548   [4.2 s, #57]
  inertia(lam=195.068173991) = 549   [4.2 s, #58]
  inertia(lam=195.645444780) = 551   [4.2 s, #59]
  inertia(lam=196.146026289) = 552   [4.3 s, #60]
  inertia(lam=196.432265378) = 553   [4.2 s, #61]
  inertia(lam=196.672124223) = 554   [4.2 s, #62]
  inertia(lam=196.875712610) = 555   [4.2 s, #63]
  inertia(lam=197.153584954) = 556   [4.2 s, #64]
  inertia(lam=197.377621456) = 557   [4.2 s, #65]
  inertia(lam=197.425503430) = 558   [4.2 s, #66]
  inertia(lam=197.686445226) = 559   [4.3 s, #67]
  inertia(lam=198.128787645) = 560   [4.2 s, #68]
  inertia(lam=198.390805339) = 561   [4.2 s, #69]
  inertia(lam=198.613720581) = 562   [4.2 s, #70]
  inertia(lam=198.799481666) = 563   [4.2 s, #71]
  inertia(lam=198.848028847) = 564   [4.2 s, #72]
  inertia(lam=199.122625019) = 565   [4.2 s, #73]
  inertia(lam=199.472219537) = 566   [4.2 s, #74]
  inertia(lam=199.911512981) = 567   [4.3 s, #75]
  inertia(lam=200.449489419) = 568   [4.2 s, #76]
  inertia(lam=200.728452775) = 569   [4.3 s, #77]
  inertia(lam=200.937740085) = 570   [4.1 s, #78]
  inertia(lam=201.316940882) = 571   [4.1 s, #79]
  inertia(lam=201.745362709) = 573   [4.2 s, #80]
  inertia(lam=201.953144683) = 574   [4.1 s, #81]
  inertia(lam=202.073585031) = 576   [4.2 s, #82]
  inertia(lam=202.220239043) = 577   [4.3 s, #83]
  inertia(lam=202.431740587) = 578   [4.1 s, #84]
  inertia(lam=202.682202056) = 579   [4.2 s, #85]
  inertia(lam=202.838011945) = 580   [4.2 s, #86]
  inertia(lam=203.104667253) = 581   [4.1 s, #87]
  inertia(lam=203.340483740) = 582   [4.1 s, #88]
  inertia(lam=203.408144487) = 583   [4.1 s, #89]
  inertia(lam=203.486277378) = 584   [4.2 s, #90]
  inertia(lam=203.566100735) = 585   [4.2 s, #91]
  inertia(lam=203.689457159) = 586   [4.2 s, #92]
  inertia(lam=203.796214967) = 589   [4.4 s, #93]
  inertia(lam=203.847629456) = 591   [4.2 s, #94]
  inertia(lam=204.558627096) = 592   [4.4 s, #95]
  inertia(lam=205.408113668) = 594   [4.2 s, #96]
  inertia(lam=205.612407620) = 595   [4.1 s, #97]
  inertia(lam=205.720142998) = 596   [4.2 s, #98]
  inertia(lam=206.169285502) = 599   [4.1 s, #99]
  inertia(lam=206.582755411) = 600   [4.2 s, #100]
  inertia(lam=206.702093319) = 601   [4.2 s, #101]
  inertia(lam=206.843710870) = 602   [4.2 s, #102]
  inertia(lam=206.938225701) = 603   [4.3 s, #103]
  inertia(lam=207.013652367) = 604   [4.4 s, #104]
  inertia(lam=207.431290512) = 605   [4.3 s, #105]
  inertia(lam=208.007732650) = 606   [4.3 s, #106]
wrote /home/esul01/data/outputs/hankel_full_spectrum_triaxial/inertia_probes_004.csv
finished=Mon Aug 17 01:19:36 PM CEST 2026
