task=11 started=Mon Aug 17 01:11:51 PM CEST 2026
task 11/16: 106 probes
Transforming over 1000 vertices to C_CONTIGUOUS.
Transforming over 1000 elements to C_CONTIGUOUS.

MUMPS analysis: 4.8 s
  inertia(lam=349.864018281) = 1377   [4.0 s, #1]
  inertia(lam=349.982926841) = 1378   [4.0 s, #2]
  inertia(lam=350.030183257) = 1379   [4.0 s, #3]
  inertia(lam=350.155699345) = 1380   [4.0 s, #4]
  inertia(lam=350.480162133) = 1382   [4.0 s, #5]
  inertia(lam=350.750262323) = 1384   [4.0 s, #6]
  inertia(lam=350.984668076) = 1385   [4.1 s, #7]
  inertia(lam=351.189753061) = 1386   [4.0 s, #8]
  inertia(lam=351.268501843) = 1387   [4.1 s, #9]
  inertia(lam=351.398855444) = 1388   [4.1 s, #10]
  inertia(lam=351.631140366) = 1389   [4.0 s, #11]
  inertia(lam=351.855060562) = 1390   [4.0 s, #12]
  inertia(lam=352.015630307) = 1391   [4.1 s, #13]
  inertia(lam=352.177044210) = 1392   [4.1 s, #14]
  inertia(lam=352.255385405) = 1393   [4.1 s, #15]
  inertia(lam=352.391167332) = 1395   [4.1 s, #16]
  inertia(lam=352.590950816) = 1396   [4.1 s, #17]
  inertia(lam=352.886074561) = 1397   [4.1 s, #18]
  inertia(lam=353.122384204) = 1398   [4.1 s, #19]
  inertia(lam=353.365004822) = 1400   [4.1 s, #20]
  inertia(lam=353.735870445) = 1401   [4.1 s, #21]
  inertia(lam=353.933651530) = 1402   [4.0 s, #22]
  inertia(lam=354.023829185) = 1403   [4.0 s, #23]
  inertia(lam=354.098456708) = 1404   [4.1 s, #24]
  inertia(lam=354.147988807) = 1405   [4.1 s, #25]
  inertia(lam=354.202508578) = 1407   [4.1 s, #26]
  inertia(lam=354.300344459) = 1408   [4.0 s, #27]
  inertia(lam=354.402850031) = 1409   [4.0 s, #28]
  inertia(lam=354.472975506) = 1410   [4.0 s, #29]
  inertia(lam=354.582719607) = 1412   [4.0 s, #30]
  inertia(lam=354.772495519) = 1413   [4.0 s, #31]
  inertia(lam=355.052519005) = 1414   [4.0 s, #32]
  inertia(lam=355.452072387) = 1416   [4.1 s, #33]
  inertia(lam=355.720672467) = 1417   [4.1 s, #34]
  inertia(lam=355.855669776) = 1418   [4.1 s, #35]
  inertia(lam=356.014959602) = 1419   [4.1 s, #36]
  inertia(lam=356.111030199) = 1420   [4.0 s, #37]
  inertia(lam=356.218086406) = 1421   [4.0 s, #38]
  inertia(lam=356.407060647) = 1423   [4.1 s, #39]
  inertia(lam=356.732795997) = 1424   [4.1 s, #40]
  inertia(lam=356.972822986) = 1425   [4.0 s, #41]
  inertia(lam=357.259556703) = 1426   [4.1 s, #42]
  inertia(lam=357.584819759) = 1427   [4.0 s, #43]
  inertia(lam=357.702108353) = 1429   [4.0 s, #44]
  inertia(lam=357.763260764) = 1430   [3.9 s, #45]
  inertia(lam=357.883864055) = 1431   [3.9 s, #46]
  inertia(lam=358.177465747) = 1432   [4.1 s, #47]
  inertia(lam=358.558443479) = 1433   [4.1 s, #48]
  inertia(lam=358.786356906) = 1434   [4.1 s, #49]
  inertia(lam=358.837224273) = 1435   [4.1 s, #50]
  inertia(lam=358.997581122) = 1436   [4.0 s, #51]
  inertia(lam=359.202134896) = 1437   [4.0 s, #52]
  inertia(lam=359.345662423) = 1438   [4.1 s, #53]
  inertia(lam=359.652907902) = 1439   [4.1 s, #54]
  inertia(lam=359.925694963) = 1440   [4.1 s, #55]
  inertia(lam=360.042992833) = 1441   [4.1 s, #56]
  inertia(lam=360.223325943) = 1442   [4.1 s, #57]
  inertia(lam=360.752912711) = 1443   [4.1 s, #58]
  inertia(lam=361.290076870) = 1445   [4.1 s, #59]
  inertia(lam=361.486428972) = 1447   [4.1 s, #60]
  inertia(lam=361.773661467) = 1449   [4.1 s, #61]
  inertia(lam=362.058249476) = 1450   [4.1 s, #62]
  inertia(lam=362.466542321) = 1451   [4.1 s, #63]
  inertia(lam=362.934247450) = 1452   [4.1 s, #64]
  inertia(lam=363.083384509) = 1453   [4.1 s, #65]
  inertia(lam=363.172624724) = 1454   [4.1 s, #66]
  inertia(lam=363.309787095) = 1455   [4.1 s, #67]
  inertia(lam=363.538058279) = 1456   [4.1 s, #68]
  inertia(lam=363.970081401) = 1457   [4.1 s, #69]
  inertia(lam=364.332822560) = 1459   [4.1 s, #70]
  inertia(lam=364.486739862) = 1461   [4.1 s, #71]
  inertia(lam=364.599815236) = 1462   [4.1 s, #72]
  inertia(lam=364.671614290) = 1465   [4.1 s, #73]
  inertia(lam=364.722594006) = 1466   [4.1 s, #74]
  inertia(lam=364.770363873) = 1467   [4.1 s, #75]
  inertia(lam=364.908484811) = 1468   [4.1 s, #76]
  inertia(lam=365.099820802) = 1469   [4.1 s, #77]
  inertia(lam=365.222425678) = 1471   [4.1 s, #78]
  inertia(lam=365.463857025) = 1473   [4.1 s, #79]
  inertia(lam=365.691029200) = 1474   [4.0 s, #80]
  inertia(lam=365.869267983) = 1475   [4.1 s, #81]
  inertia(lam=366.025862038) = 1476   [4.1 s, #82]
  inertia(lam=366.097586333) = 1478   [4.1 s, #83]
  inertia(lam=366.173534733) = 1479   [4.1 s, #84]
  inertia(lam=366.289028538) = 1480   [4.1 s, #85]
  inertia(lam=366.637245840) = 1481   [4.1 s, #86]
  inertia(lam=367.034132065) = 1482   [4.1 s, #87]
  inertia(lam=367.200670883) = 1484   [4.1 s, #88]
  inertia(lam=367.414694272) = 1487   [4.2 s, #89]
  inertia(lam=367.801223789) = 1489   [4.1 s, #90]
  inertia(lam=368.090502352) = 1490   [4.1 s, #91]
  inertia(lam=368.237922929) = 1491   [4.1 s, #92]
  inertia(lam=368.348150677) = 1492   [4.1 s, #93]
  inertia(lam=368.515326697) = 1493   [4.0 s, #94]
  inertia(lam=368.697347245) = 1494   [4.1 s, #95]
  inertia(lam=368.853567510) = 1495   [4.0 s, #96]
  inertia(lam=369.003672782) = 1496   [4.1 s, #97]
  inertia(lam=369.191774712) = 1497   [4.1 s, #98]
  inertia(lam=369.371706317) = 1498   [4.0 s, #99]
  inertia(lam=369.472067413) = 1499   [4.0 s, #100]
  inertia(lam=369.539021858) = 1501   [4.1 s, #101]
  inertia(lam=369.593299166) = 1502   [4.0 s, #102]
  inertia(lam=369.642251919) = 1503   [4.0 s, #103]
  inertia(lam=369.693226392) = 1504   [4.0 s, #104]
  inertia(lam=369.986102572) = 1505   [4.1 s, #105]
  inertia(lam=370.495347967) = 1506   [4.1 s, #106]
wrote /home/esul01/data/outputs/hankel_full_spectrum_triaxial/inertia_probes_011.csv
finished=Mon Aug 17 01:19:21 PM CEST 2026
