task=10 started=Mon Aug 17 01:11:51 PM CEST 2026
task 10/16: 106 probes
Transforming over 1000 vertices to C_CONTIGUOUS.
Transforming over 1000 elements to C_CONTIGUOUS.

MUMPS analysis: 4.7 s
  inertia(lam=327.872465227) = 1244   [4.5 s, #1]
  inertia(lam=327.948778424) = 1245   [4.7 s, #2]
  inertia(lam=328.107107176) = 1246   [4.5 s, #3]
  inertia(lam=328.450807770) = 1247   [4.6 s, #4]
  inertia(lam=328.898231939) = 1248   [4.6 s, #5]
  inertia(lam=329.162526602) = 1249   [4.5 s, #6]
  inertia(lam=329.316897615) = 1251   [4.6 s, #7]
  inertia(lam=329.629113890) = 1253   [4.6 s, #8]
  inertia(lam=330.025340531) = 1255   [4.6 s, #9]
  inertia(lam=330.617641264) = 1257   [4.6 s, #10]
  inertia(lam=331.031888480) = 1259   [4.6 s, #11]
  inertia(lam=331.062991094) = 1261   [4.6 s, #12]
  inertia(lam=331.103823429) = 1262   [4.6 s, #13]
  inertia(lam=331.181830902) = 1263   [4.6 s, #14]
  inertia(lam=331.260643491) = 1264   [4.7 s, #15]
  inertia(lam=331.414157475) = 1265   [4.7 s, #16]
  inertia(lam=331.671885652) = 1267   [4.7 s, #17]
  inertia(lam=331.876539373) = 1268   [4.7 s, #18]
  inertia(lam=332.360155207) = 1270   [4.7 s, #19]
  inertia(lam=332.851276775) = 1272   [4.6 s, #20]
  inertia(lam=333.043311415) = 1273   [4.7 s, #21]
  inertia(lam=333.181973111) = 1274   [4.7 s, #22]
  inertia(lam=333.309654208) = 1275   [4.7 s, #23]
  inertia(lam=333.429121442) = 1276   [4.6 s, #24]
  inertia(lam=333.462401385) = 1277   [4.6 s, #25]
  inertia(lam=333.588369229) = 1278   [4.6 s, #26]
  inertia(lam=333.736240640) = 1279   [4.6 s, #27]
  inertia(lam=333.808962336) = 1280   [4.6 s, #28]
  inertia(lam=333.946445428) = 1281   [4.7 s, #29]
  inertia(lam=334.137316204) = 1282   [4.7 s, #30]
  inertia(lam=334.244035173) = 1283   [4.6 s, #31]
  inertia(lam=334.272811556) = 1284   [4.6 s, #32]
  inertia(lam=334.393244394) = 1285   [4.7 s, #33]
  inertia(lam=334.531582997) = 1286   [4.6 s, #34]
  inertia(lam=334.635326664) = 1287   [4.6 s, #35]
  inertia(lam=334.730881131) = 1288   [4.7 s, #36]
  inertia(lam=334.803633154) = 1289   [4.7 s, #37]
  inertia(lam=334.911741611) = 1290   [4.7 s, #38]
  inertia(lam=334.992034183) = 1291   [4.6 s, #39]
  inertia(lam=335.096064263) = 1292   [4.6 s, #40]
  inertia(lam=335.255724212) = 1294   [4.6 s, #41]
  inertia(lam=335.743230157) = 1295   [4.6 s, #42]
  inertia(lam=336.509131530) = 1296   [4.6 s, #43]
  inertia(lam=336.970931742) = 1297   [4.6 s, #44]
  inertia(lam=337.103425362) = 1298   [4.6 s, #45]
  inertia(lam=337.184520412) = 1299   [4.6 s, #46]
  inertia(lam=337.267234645) = 1301   [4.6 s, #47]
  inertia(lam=337.327501304) = 1302   [4.7 s, #48]
  inertia(lam=337.411824202) = 1303   [4.6 s, #49]
  inertia(lam=337.499029126) = 1305   [4.6 s, #50]
  inertia(lam=337.557361515) = 1306   [4.7 s, #51]
  inertia(lam=337.751849475) = 1307   [4.7 s, #52]
  inertia(lam=337.940394929) = 1308   [4.6 s, #53]
  inertia(lam=337.970385890) = 1309   [4.6 s, #54]
  inertia(lam=338.187178918) = 1310   [4.6 s, #55]
  inertia(lam=338.532775198) = 1311   [4.7 s, #56]
  inertia(lam=338.725806721) = 1312   [4.7 s, #57]
  inertia(lam=338.987553265) = 1313   [4.8 s, #58]
  inertia(lam=339.219799127) = 1315   [4.7 s, #59]
  inertia(lam=339.323500335) = 1316   [4.6 s, #60]
  inertia(lam=339.594152773) = 1317   [4.7 s, #61]
  inertia(lam=339.997580617) = 1318   [4.6 s, #62]
  inertia(lam=340.494827185) = 1321   [4.6 s, #63]
  inertia(lam=340.870908995) = 1322   [4.7 s, #64]
  inertia(lam=340.978969486) = 1323   [4.7 s, #65]
  inertia(lam=341.214361109) = 1324   [4.8 s, #66]
  inertia(lam=341.820576449) = 1325   [4.7 s, #67]
  inertia(lam=342.297230993) = 1326   [4.7 s, #68]
  inertia(lam=342.473858840) = 1327   [4.7 s, #69]
  inertia(lam=342.827232514) = 1328   [4.7 s, #70]
  inertia(lam=343.178770793) = 1329   [4.7 s, #71]
  inertia(lam=343.313851517) = 1330   [4.7 s, #72]
  inertia(lam=343.465031210) = 1331   [4.6 s, #73]
  inertia(lam=343.598775984) = 1332   [4.6 s, #74]
  inertia(lam=343.776275229) = 1333   [4.7 s, #75]
  inertia(lam=343.968119967) = 1335   [4.7 s, #76]
  inertia(lam=344.050260490) = 1336   [4.7 s, #77]
  inertia(lam=344.103163696) = 1337   [4.7 s, #78]
  inertia(lam=344.189007813) = 1339   [4.7 s, #79]
  inertia(lam=344.279333800) = 1341   [4.8 s, #80]
  inertia(lam=344.510776763) = 1342   [4.7 s, #81]
  inertia(lam=344.746569053) = 1343   [4.6 s, #82]
  inertia(lam=344.844382002) = 1344   [4.7 s, #83]
  inertia(lam=344.974148260) = 1346   [4.6 s, #84]
  inertia(lam=345.090062087) = 1347   [4.6 s, #85]
  inertia(lam=345.201330271) = 1348   [4.7 s, #86]
  inertia(lam=345.316129984) = 1349   [4.6 s, #87]
  inertia(lam=345.389131706) = 1350   [4.6 s, #88]
  inertia(lam=345.571560362) = 1351   [4.6 s, #89]
  inertia(lam=345.851046979) = 1353   [4.6 s, #90]
  inertia(lam=346.146721347) = 1354   [4.6 s, #91]
  inertia(lam=346.364018583) = 1355   [4.7 s, #92]
  inertia(lam=346.462680013) = 1356   [4.7 s, #93]
  inertia(lam=346.561208940) = 1358   [4.5 s, #94]
  inertia(lam=346.700231993) = 1360   [4.5 s, #95]
  inertia(lam=347.048577065) = 1361   [4.5 s, #96]
  inertia(lam=347.339887783) = 1363   [4.5 s, #97]
  inertia(lam=347.581147681) = 1364   [4.5 s, #98]
  inertia(lam=347.866310788) = 1365   [4.5 s, #99]
  inertia(lam=348.137162180) = 1367   [4.5 s, #100]
  inertia(lam=348.358023911) = 1368   [4.6 s, #101]
  inertia(lam=348.583706623) = 1369   [4.6 s, #102]
  inertia(lam=348.905630735) = 1371   [4.5 s, #103]
  inertia(lam=349.069957670) = 1372   [4.5 s, #104]
  inertia(lam=349.280173215) = 1373   [4.8 s, #105]
  inertia(lam=349.615139823) = 1375   [4.5 s, #106]
wrote /home/esul01/data/outputs/hankel_full_spectrum_triaxial/inertia_probes_010.csv
finished=Mon Aug 17 01:20:21 PM CEST 2026
