task=13 started=Mon Aug 17 01:11:51 PM CEST 2026
task 13/16: 106 probes
Transforming over 1000 vertices to C_CONTIGUOUS.
Transforming over 1000 elements to C_CONTIGUOUS.

MUMPS analysis: 4.8 s
  inertia(lam=392.086719725) = 1644   [3.7 s, #1]
  inertia(lam=392.261760489) = 1646   [3.8 s, #2]
  inertia(lam=392.501151160) = 1647   [3.8 s, #3]
  inertia(lam=392.715070586) = 1649   [3.8 s, #4]
  inertia(lam=392.867564841) = 1650   [3.9 s, #5]
  inertia(lam=392.991136843) = 1652   [3.8 s, #6]
  inertia(lam=393.116142092) = 1654   [3.8 s, #7]
  inertia(lam=393.231370731) = 1655   [3.8 s, #8]
  inertia(lam=393.328821084) = 1656   [3.7 s, #9]
  inertia(lam=393.436142477) = 1657   [3.7 s, #10]
  inertia(lam=393.518642582) = 1658   [3.8 s, #11]
  inertia(lam=393.570593683) = 1659   [3.8 s, #12]
  inertia(lam=393.773888883) = 1660   [3.7 s, #13]
  inertia(lam=394.179091813) = 1661   [3.7 s, #14]
  inertia(lam=394.545358659) = 1662   [3.7 s, #15]
  inertia(lam=394.808544310) = 1663   [3.7 s, #16]
  inertia(lam=394.975511350) = 1664   [3.7 s, #17]
  inertia(lam=395.039110328) = 1665   [3.8 s, #18]
  inertia(lam=395.114085413) = 1666   [3.7 s, #19]
  inertia(lam=395.176259885) = 1669   [3.7 s, #20]
  inertia(lam=395.267041673) = 1670   [3.8 s, #21]
  inertia(lam=395.462248582) = 1671   [3.9 s, #22]
  inertia(lam=395.813540572) = 1672   [3.7 s, #23]
  inertia(lam=396.065217864) = 1673   [3.7 s, #24]
  inertia(lam=396.160881411) = 1674   [3.7 s, #25]
  inertia(lam=396.277033902) = 1675   [3.7 s, #26]
  inertia(lam=396.369026633) = 1676   [3.7 s, #27]
  inertia(lam=396.471875744) = 1677   [3.7 s, #28]
  inertia(lam=396.569122893) = 1681   [3.7 s, #29]
  inertia(lam=396.727034530) = 1682   [3.7 s, #30]
  inertia(lam=396.861265370) = 1683   [3.7 s, #31]
  inertia(lam=397.193362393) = 1684   [3.7 s, #32]
  inertia(lam=397.714271809) = 1685   [3.6 s, #33]
  inertia(lam=397.946994289) = 1686   [3.7 s, #34]
  inertia(lam=398.007213128) = 1689   [3.7 s, #35]
  inertia(lam=398.064294555) = 1690   [3.7 s, #36]
  inertia(lam=398.126172686) = 1691   [3.7 s, #37]
  inertia(lam=398.244972144) = 1692   [3.7 s, #38]
  inertia(lam=398.345507461) = 1693   [3.7 s, #39]
  inertia(lam=398.890493251) = 1694   [3.9 s, #40]
  inertia(lam=399.505406708) = 1695   [3.7 s, #41]
  inertia(lam=399.884640506) = 1696   [3.8 s, #42]
  inertia(lam=400.185713486) = 1697   [3.8 s, #43]
  inertia(lam=400.440449155) = 1699   [3.7 s, #44]
  inertia(lam=400.948724214) = 1700   [3.8 s, #45]
  inertia(lam=401.276238766) = 1701   [3.7 s, #46]
  inertia(lam=401.353361926) = 1702   [3.8 s, #47]
  inertia(lam=401.424709286) = 1703   [3.8 s, #48]
  inertia(lam=401.661660158) = 1706   [3.8 s, #49]
  inertia(lam=401.989448810) = 1708   [3.8 s, #50]
  inertia(lam=402.155767266) = 1709   [3.8 s, #51]
  inertia(lam=402.236843655) = 1710   [3.8 s, #52]
  inertia(lam=402.498491682) = 1711   [3.8 s, #53]
  inertia(lam=402.715662399) = 1713   [3.8 s, #54]
  inertia(lam=402.887658385) = 1714   [3.7 s, #55]
  inertia(lam=403.058008584) = 1715   [3.7 s, #56]
  inertia(lam=403.134186550) = 1716   [3.7 s, #57]
  inertia(lam=403.210716581) = 1717   [3.7 s, #58]
  inertia(lam=403.253896775) = 1718   [3.7 s, #59]
  inertia(lam=403.302332878) = 1719   [3.7 s, #60]
  inertia(lam=403.385196811) = 1720   [3.7 s, #61]
  inertia(lam=403.654215410) = 1722   [3.7 s, #62]
  inertia(lam=403.914969779) = 1723   [3.7 s, #63]
  inertia(lam=404.080929329) = 1724   [3.7 s, #64]
  inertia(lam=404.235174486) = 1725   [3.7 s, #65]
  inertia(lam=404.444392532) = 1726   [3.7 s, #66]
  inertia(lam=404.788169368) = 1727   [3.7 s, #67]
  inertia(lam=405.158879140) = 1728   [3.7 s, #68]
  inertia(lam=405.473506682) = 1729   [3.7 s, #69]
  inertia(lam=405.678278163) = 1731   [3.7 s, #70]
  inertia(lam=405.774332072) = 1734   [3.7 s, #71]
  inertia(lam=405.873647167) = 1735   [3.7 s, #72]
  inertia(lam=405.982104839) = 1737   [3.7 s, #73]
  inertia(lam=406.220634660) = 1739   [3.7 s, #74]
  inertia(lam=406.479609891) = 1740   [3.7 s, #75]
  inertia(lam=406.818589050) = 1741   [3.7 s, #76]
  inertia(lam=407.131374273) = 1742   [3.7 s, #77]
  inertia(lam=407.223457087) = 1743   [3.7 s, #78]
  inertia(lam=407.314990307) = 1744   [3.7 s, #79]
  inertia(lam=407.452114753) = 1745   [3.7 s, #80]
  inertia(lam=407.586144922) = 1746   [4.0 s, #81]
  inertia(lam=407.624961945) = 1747   [3.7 s, #82]
  inertia(lam=407.848376215) = 1748   [3.7 s, #83]
  inertia(lam=408.095015994) = 1749   [3.7 s, #84]
  inertia(lam=408.159781286) = 1750   [3.7 s, #85]
  inertia(lam=408.275553781) = 1751   [3.7 s, #86]
  inertia(lam=408.406408060) = 1752   [3.7 s, #87]
  inertia(lam=408.522828691) = 1753   [3.6 s, #88]
  inertia(lam=408.676370954) = 1754   [3.6 s, #89]
  inertia(lam=409.073943914) = 1756   [3.7 s, #90]
  inertia(lam=409.480959584) = 1757   [3.7 s, #91]
  inertia(lam=409.618687964) = 1758   [3.7 s, #92]
  inertia(lam=409.925880553) = 1759   [3.7 s, #93]
  inertia(lam=410.261124568) = 1761   [3.7 s, #94]
  inertia(lam=410.462266434) = 1762   [4.1 s, #95]
  inertia(lam=410.625662460) = 1763   [3.8 s, #96]
  inertia(lam=410.695638900) = 1764   [3.8 s, #97]
  inertia(lam=410.801358434) = 1765   [3.9 s, #98]
  inertia(lam=411.088059169) = 1767   [3.8 s, #99]
  inertia(lam=411.336006039) = 1769   [3.9 s, #100]
  inertia(lam=411.413195966) = 1770   [4.0 s, #101]
  inertia(lam=411.466082035) = 1771   [3.7 s, #102]
  inertia(lam=411.607040705) = 1772   [3.7 s, #103]
  inertia(lam=411.762758513) = 1773   [3.9 s, #104]
  inertia(lam=411.833458926) = 1774   [3.8 s, #105]
  inertia(lam=411.924747135) = 1775   [3.7 s, #106]
wrote /home/esul01/data/outputs/hankel_full_spectrum_triaxial/inertia_probes_013.csv
finished=Mon Aug 17 01:18:46 PM CEST 2026
