task=1 started=Mon Aug 17 01:11:51 PM CEST 2026
task 1/16: 106 probes
Transforming over 1000 vertices to C_CONTIGUOUS.
Transforming over 1000 elements to C_CONTIGUOUS.

MUMPS analysis: 4.8 s
  inertia(lam=75.181677652) = 116   [4.3 s, #1]
  inertia(lam=75.667440427) = 117   [4.4 s, #2]
  inertia(lam=75.955462795) = 118   [4.4 s, #3]
  inertia(lam=76.132393871) = 119   [4.4 s, #4]
  inertia(lam=77.084467346) = 120   [4.5 s, #5]
  inertia(lam=78.166930338) = 122   [4.4 s, #6]
  inertia(lam=78.471340085) = 123   [4.4 s, #7]
  inertia(lam=78.978900350) = 124   [4.3 s, #8]
  inertia(lam=79.453404495) = 126   [4.3 s, #9]
  inertia(lam=79.575336614) = 127   [4.3 s, #10]
  inertia(lam=79.664675347) = 128   [4.3 s, #11]
  inertia(lam=80.000432590) = 129   [4.3 s, #12]
  inertia(lam=80.355899966) = 130   [4.3 s, #13]
  inertia(lam=80.832769854) = 131   [4.4 s, #14]
  inertia(lam=81.530772459) = 132   [4.3 s, #15]
  inertia(lam=82.111208936) = 133   [4.3 s, #16]
  inertia(lam=82.492945763) = 134   [4.4 s, #17]
  inertia(lam=82.656078072) = 135   [4.3 s, #18]
  inertia(lam=82.966354385) = 136   [4.4 s, #19]
  inertia(lam=83.798168157) = 137   [4.5 s, #20]
  inertia(lam=84.429698506) = 138   [4.4 s, #21]
  inertia(lam=84.565475265) = 139   [4.4 s, #22]
  inertia(lam=84.751610024) = 140   [4.4 s, #23]
  inertia(lam=84.967288854) = 141   [4.3 s, #24]
  inertia(lam=85.331778815) = 142   [4.3 s, #25]
  inertia(lam=85.656259072) = 144   [4.3 s, #26]
  inertia(lam=85.919732033) = 145   [4.3 s, #27]
  inertia(lam=86.307396579) = 146   [4.3 s, #28]
  inertia(lam=86.888954151) = 147   [4.3 s, #29]
  inertia(lam=87.299846748) = 148   [4.4 s, #30]
  inertia(lam=87.623574024) = 149   [4.4 s, #31]
  inertia(lam=88.096238172) = 151   [4.4 s, #32]
  inertia(lam=88.328928227) = 152   [4.3 s, #33]
  inertia(lam=88.707159827) = 153   [4.4 s, #34]
  inertia(lam=89.219063669) = 154   [4.4 s, #35]
  inertia(lam=89.438836450) = 155   [4.4 s, #36]
  inertia(lam=89.932475917) = 156   [4.4 s, #37]
  inertia(lam=90.865900437) = 157   [4.3 s, #38]
  inertia(lam=91.579606708) = 158   [4.4 s, #39]
  inertia(lam=91.845245521) = 159   [4.3 s, #40]
  inertia(lam=91.913438684) = 160   [4.3 s, #41]
  inertia(lam=92.065088496) = 161   [4.3 s, #42]
  inertia(lam=92.331772166) = 162   [4.3 s, #43]
  inertia(lam=92.568482779) = 163   [4.3 s, #44]
  inertia(lam=93.233274579) = 164   [4.4 s, #45]
  inertia(lam=94.041370786) = 165   [4.4 s, #46]
  inertia(lam=94.596235837) = 166   [4.4 s, #47]
  inertia(lam=95.018650138) = 167   [4.4 s, #48]
  inertia(lam=95.191224931) = 168   [4.5 s, #49]
  inertia(lam=95.302155789) = 169   [4.4 s, #50]
  inertia(lam=95.392389862) = 170   [4.5 s, #51]
  inertia(lam=95.556902892) = 171   [4.4 s, #52]
  inertia(lam=95.848606636) = 173   [4.4 s, #53]
  inertia(lam=96.173078103) = 174   [4.4 s, #54]
  inertia(lam=96.354865323) = 175   [4.4 s, #55]
  inertia(lam=96.686214984) = 176   [4.4 s, #56]
  inertia(lam=97.031814230) = 177   [4.3 s, #57]
  inertia(lam=97.159288359) = 178   [4.4 s, #58]
  inertia(lam=97.408353293) = 179   [4.3 s, #59]
  inertia(lam=97.629593852) = 180   [4.5 s, #60]
  inertia(lam=97.773821894) = 181   [4.4 s, #61]
  inertia(lam=98.441620362) = 182   [4.3 s, #62]
  inertia(lam=99.123481684) = 183   [4.3 s, #63]
  inertia(lam=99.690467935) = 184   [4.3 s, #64]
  inertia(lam=100.252371305) = 185   [4.3 s, #65]
  inertia(lam=100.465054035) = 186   [4.3 s, #66]
  inertia(lam=100.633941286) = 187   [4.3 s, #67]
  inertia(lam=100.976213313) = 188   [4.2 s, #68]
  inertia(lam=101.479424648) = 189   [4.3 s, #69]
  inertia(lam=101.752004958) = 190   [4.4 s, #70]
  inertia(lam=101.914414839) = 191   [4.3 s, #71]
  inertia(lam=102.232054567) = 192   [4.3 s, #72]
  inertia(lam=102.626562804) = 193   [4.5 s, #73]
  inertia(lam=102.983493643) = 194   [4.3 s, #74]
  inertia(lam=103.217519721) = 195   [4.4 s, #75]
  inertia(lam=103.826658149) = 196   [4.3 s, #76]
  inertia(lam=104.424467888) = 198   [4.4 s, #77]
  inertia(lam=104.513354873) = 199   [4.3 s, #78]
  inertia(lam=104.963808223) = 200   [4.3 s, #79]
  inertia(lam=105.433542599) = 201   [4.4 s, #80]
  inertia(lam=105.956340772) = 202   [4.4 s, #81]
  inertia(lam=106.607311124) = 203   [4.4 s, #82]
  inertia(lam=106.822408339) = 205   [4.4 s, #83]
  inertia(lam=107.071651722) = 207   [4.3 s, #84]
  inertia(lam=107.412023939) = 208   [4.3 s, #85]
  inertia(lam=107.586972500) = 210   [4.4 s, #86]
  inertia(lam=107.787229240) = 211   [4.4 s, #87]
  inertia(lam=108.254990700) = 213   [4.4 s, #88]
  inertia(lam=108.922817642) = 214   [4.4 s, #89]
  inertia(lam=109.431794317) = 215   [4.3 s, #90]
  inertia(lam=109.785681246) = 216   [4.3 s, #91]
  inertia(lam=110.062521370) = 217   [4.3 s, #92]
  inertia(lam=110.284610524) = 219   [4.3 s, #93]
  inertia(lam=111.209013962) = 220   [4.4 s, #94]
  inertia(lam=112.028979898) = 221   [4.3 s, #95]
  inertia(lam=112.170024903) = 223   [4.3 s, #96]
  inertia(lam=112.569190726) = 224   [4.2 s, #97]
  inertia(lam=112.890072555) = 225   [4.3 s, #98]
  inertia(lam=113.014714939) = 226   [4.3 s, #99]
  inertia(lam=113.396826895) = 227   [4.3 s, #100]
  inertia(lam=113.954165477) = 228   [4.3 s, #101]
  inertia(lam=114.336411297) = 229   [4.3 s, #102]
  inertia(lam=114.534598675) = 232   [4.3 s, #103]
  inertia(lam=114.897792861) = 233   [4.3 s, #104]
  inertia(lam=115.254720228) = 234   [4.4 s, #105]
  inertia(lam=115.633720540) = 235   [4.2 s, #106]
wrote /home/esul01/data/outputs/hankel_full_spectrum_triaxial/inertia_probes_001.csv
finished=Mon Aug 17 01:19:51 PM CEST 2026
