task=0 started=Mon Aug 17 01:11:51 PM CEST 2026
task 0/16: 106 probes
Transforming over 1000 vertices to C_CONTIGUOUS.
Transforming over 1000 elements to C_CONTIGUOUS.

MUMPS analysis: 4.8 s
  inertia(lam=0.000000000) = 0   [4.2 s, #1]
  inertia(lam=6.565699075) = 1   [4.5 s, #2]
  inertia(lam=8.933289677) = 2   [4.5 s, #3]
  inertia(lam=10.587231566) = 3   [4.5 s, #4]
  inertia(lam=12.262148105) = 4   [4.5 s, #5]
  inertia(lam=13.843582761) = 5   [4.5 s, #6]
  inertia(lam=14.779674203) = 6   [4.4 s, #7]
  inertia(lam=15.962785178) = 7   [4.4 s, #8]
  inertia(lam=17.035234690) = 8   [4.3 s, #9]
  inertia(lam=17.776494993) = 9   [4.3 s, #10]
  inertia(lam=19.121391786) = 10   [4.2 s, #11]
  inertia(lam=20.494416172) = 11   [4.3 s, #12]
  inertia(lam=21.503072483) = 13   [4.3 s, #13]
  inertia(lam=22.382872980) = 14   [4.3 s, #14]
  inertia(lam=24.004987899) = 15   [4.3 s, #15]
  inertia(lam=25.408975983) = 16   [4.4 s, #16]
  inertia(lam=25.581527618) = 17   [4.3 s, #17]
  inertia(lam=25.731371950) = 18   [4.3 s, #18]
  inertia(lam=26.641327180) = 19   [4.3 s, #19]
  inertia(lam=27.683592881) = 20   [4.3 s, #20]
  inertia(lam=28.188707636) = 21   [4.3 s, #21]
  inertia(lam=28.868325046) = 22   [4.3 s, #22]
  inertia(lam=29.829057107) = 23   [4.4 s, #23]
  inertia(lam=30.549466622) = 24   [4.3 s, #24]
  inertia(lam=31.023122985) = 25   [4.4 s, #25]
  inertia(lam=31.704283951) = 26   [4.3 s, #26]
  inertia(lam=32.822113313) = 27   [4.4 s, #27]
  inertia(lam=33.680323132) = 28   [4.5 s, #28]
  inertia(lam=34.154771422) = 30   [4.4 s, #29]
  inertia(lam=35.207653503) = 31   [4.4 s, #30]
  inertia(lam=36.017915283) = 32   [4.4 s, #31]
  inertia(lam=36.343599223) = 33   [4.4 s, #32]
  inertia(lam=36.949029313) = 34   [4.4 s, #33]
  inertia(lam=37.531923180) = 35   [4.4 s, #34]
  inertia(lam=38.409401199) = 36   [4.5 s, #35]
  inertia(lam=39.192315125) = 37   [4.5 s, #36]
  inertia(lam=39.424283090) = 38   [4.4 s, #37]
  inertia(lam=40.008159473) = 39   [4.4 s, #38]
  inertia(lam=40.455520298) = 41   [4.4 s, #39]
  inertia(lam=41.170861023) = 42   [4.4 s, #40]
  inertia(lam=42.224726943) = 43   [4.3 s, #41]
  inertia(lam=42.811182111) = 44   [4.3 s, #42]
  inertia(lam=43.167506936) = 45   [4.4 s, #43]
  inertia(lam=44.032716627) = 46   [4.3 s, #44]
  inertia(lam=45.050749901) = 47   [4.4 s, #45]
  inertia(lam=45.749632010) = 48   [4.3 s, #46]
  inertia(lam=46.544435065) = 49   [4.4 s, #47]
  inertia(lam=47.018409077) = 50   [4.4 s, #48]
  inertia(lam=47.354175625) = 51   [4.4 s, #49]
  inertia(lam=47.685352471) = 52   [4.3 s, #50]
  inertia(lam=47.859995185) = 53   [4.4 s, #51]
  inertia(lam=48.093779860) = 55   [4.4 s, #52]
  inertia(lam=48.345330154) = 56   [4.4 s, #53]
  inertia(lam=49.105167068) = 57   [4.4 s, #54]
  inertia(lam=49.809865324) = 58   [4.3 s, #55]
  inertia(lam=50.037138550) = 59   [4.4 s, #56]
  inertia(lam=50.576339690) = 60   [4.3 s, #57]
  inertia(lam=51.523681643) = 61   [4.3 s, #58]
  inertia(lam=52.348518091) = 62   [4.3 s, #59]
  inertia(lam=52.988106640) = 63   [4.2 s, #60]
  inertia(lam=53.807557560) = 64   [4.2 s, #61]
  inertia(lam=54.296602380) = 65   [4.3 s, #62]
  inertia(lam=54.520433634) = 66   [4.3 s, #63]
  inertia(lam=54.885682954) = 67   [4.3 s, #64]
  inertia(lam=55.244766865) = 68   [4.4 s, #65]
  inertia(lam=55.588417872) = 69   [4.3 s, #66]
  inertia(lam=55.801713456) = 70   [4.3 s, #67]
  inertia(lam=55.982472540) = 71   [4.3 s, #68]
  inertia(lam=56.604868810) = 72   [4.3 s, #69]
  inertia(lam=57.337465205) = 73   [4.3 s, #70]
  inertia(lam=57.734262230) = 74   [4.3 s, #71]
  inertia(lam=57.967635071) = 75   [4.3 s, #72]
  inertia(lam=58.405627068) = 76   [4.4 s, #73]
  inertia(lam=59.107628070) = 77   [4.4 s, #74]
  inertia(lam=59.957627855) = 78   [4.5 s, #75]
  inertia(lam=60.876158033) = 79   [4.3 s, #76]
  inertia(lam=61.401928962) = 81   [4.3 s, #77]
  inertia(lam=61.757656741) = 82   [4.3 s, #78]
  inertia(lam=62.151312417) = 83   [4.3 s, #79]
  inertia(lam=62.431608439) = 85   [4.3 s, #80]
  inertia(lam=63.158197286) = 86   [4.3 s, #81]
  inertia(lam=64.048848624) = 87   [4.3 s, #82]
  inertia(lam=64.427586828) = 88   [4.5 s, #83]
  inertia(lam=64.576160512) = 89   [4.4 s, #84]
  inertia(lam=64.808996955) = 90   [4.3 s, #85]
  inertia(lam=65.190584672) = 92   [4.3 s, #86]
  inertia(lam=65.743246757) = 93   [4.4 s, #87]
  inertia(lam=66.124052580) = 94   [4.3 s, #88]
  inertia(lam=66.390139637) = 95   [4.3 s, #89]
  inertia(lam=67.048053590) = 96   [4.3 s, #90]
  inertia(lam=67.721222545) = 97   [4.3 s, #91]
  inertia(lam=68.683076954) = 98   [4.3 s, #92]
  inertia(lam=69.700893411) = 99   [4.3 s, #93]
  inertia(lam=70.353644340) = 102   [4.3 s, #94]
  inertia(lam=70.778990495) = 103   [4.3 s, #95]
  inertia(lam=70.881688098) = 104   [4.3 s, #96]
  inertia(lam=71.241164819) = 105   [4.3 s, #97]
  inertia(lam=71.619749915) = 106   [4.3 s, #98]
  inertia(lam=71.882988924) = 107   [4.4 s, #99]
  inertia(lam=72.255117443) = 108   [4.3 s, #100]
  inertia(lam=72.959975120) = 109   [4.4 s, #101]
  inertia(lam=73.537718268) = 110   [4.3 s, #102]
  inertia(lam=73.797156178) = 111   [4.2 s, #103]
  inertia(lam=74.097634933) = 112   [4.2 s, #104]
  inertia(lam=74.343025500) = 114   [4.3 s, #105]
  inertia(lam=74.683301033) = 115   [4.3 s, #106]
wrote /home/esul01/data/outputs/hankel_full_spectrum_triaxial/inertia_probes_000.csv
finished=Mon Aug 17 01:19:50 PM CEST 2026
